<?xml version="1.0"?>
<link_info>
   <banner>TMS320C2000 Linker PC v15.12.3.LTS</banner>
   <copyright>Copyright (c) 1996-2015 Texas Instruments Incorporated</copyright>
   <link_time>0x5784b16f</link_time>
   <link_errors>0x0</link_errors>
   <output_file>Thermal.out</output_file>
   <entry_point>
      <name>_c_int00</name>
      <address>0x3f6797</address>
   </entry_point>
   <input_file_list>
      <input_file id="fl-2">
         <path>.\</path>
         <kind>object</kind>
         <file>control.obj</file>
         <name>control.obj</name>
      </input_file>
      <input_file id="fl-3">
         <path>.\</path>
         <kind>object</kind>
         <file>crc.obj</file>
         <name>crc.obj</name>
      </input_file>
      <input_file id="fl-4">
         <path>.\</path>
         <kind>object</kind>
         <file>i2c.obj</file>
         <name>i2c.obj</name>
      </input_file>
      <input_file id="fl-5">
         <path>.\</path>
         <kind>object</kind>
         <file>led.obj</file>
         <name>led.obj</name>
      </input_file>
      <input_file id="fl-6">
         <path>.\</path>
         <kind>object</kind>
         <file>main.obj</file>
         <name>main.obj</name>
      </input_file>
      <input_file id="fl-7">
         <path>.\</path>
         <kind>object</kind>
         <file>mlx90614.obj</file>
         <name>mlx90614.obj</name>
      </input_file>
      <input_file id="fl-8">
         <path>.\</path>
         <kind>object</kind>
         <file>osc_comp.obj</file>
         <name>osc_comp.obj</name>
      </input_file>
      <input_file id="fl-9">
         <path>.\</path>
         <kind>object</kind>
         <file>pwm.obj</file>
         <name>pwm.obj</name>
      </input_file>
      <input_file id="fl-a">
         <path>.\</path>
         <kind>object</kind>
         <file>sci.obj</file>
         <name>sci.obj</name>
      </input_file>
      <input_file id="fl-b">
         <path>.\</path>
         <kind>object</kind>
         <file>servo.obj</file>
         <name>servo.obj</name>
      </input_file>
      <input_file id="fl-12">
         <path>C:\ti\controlSUITE\device_support\f2802x\v230\f2802x_common\lib\</path>
         <kind>archive</kind>
         <file>driverlib.lib</file>
         <name>F2802xX_GlobalVariableDefs.obj</name>
      </input_file>
      <input_file id="fl-13">
         <path>C:\ti\controlSUITE\device_support\f2802x\v230\f2802x_common\lib\</path>
         <kind>archive</kind>
         <file>driverlib.lib</file>
         <name>adc.obj</name>
      </input_file>
      <input_file id="fl-14">
         <path>C:\ti\controlSUITE\device_support\f2802x\v230\f2802x_common\lib\</path>
         <kind>archive</kind>
         <file>driverlib.lib</file>
         <name>clk.obj</name>
      </input_file>
      <input_file id="fl-15">
         <path>C:\ti\controlSUITE\device_support\f2802x\v230\f2802x_common\lib\</path>
         <kind>archive</kind>
         <file>driverlib.lib</file>
         <name>cpu.obj</name>
      </input_file>
      <input_file id="fl-16">
         <path>C:\ti\controlSUITE\device_support\f2802x\v230\f2802x_common\lib\</path>
         <kind>archive</kind>
         <file>driverlib.lib</file>
         <name>flash.obj</name>
      </input_file>
      <input_file id="fl-17">
         <path>C:\ti\controlSUITE\device_support\f2802x\v230\f2802x_common\lib\</path>
         <kind>archive</kind>
         <file>driverlib.lib</file>
         <name>gpio.obj</name>
      </input_file>
      <input_file id="fl-18">
         <path>C:\ti\controlSUITE\device_support\f2802x\v230\f2802x_common\lib\</path>
         <kind>archive</kind>
         <file>driverlib.lib</file>
         <name>osc.obj</name>
      </input_file>
      <input_file id="fl-19">
         <path>C:\ti\controlSUITE\device_support\f2802x\v230\f2802x_common\lib\</path>
         <kind>archive</kind>
         <file>driverlib.lib</file>
         <name>pie.obj</name>
      </input_file>
      <input_file id="fl-1a">
         <path>C:\ti\controlSUITE\device_support\f2802x\v230\f2802x_common\lib\</path>
         <kind>archive</kind>
         <file>driverlib.lib</file>
         <name>pll.obj</name>
      </input_file>
      <input_file id="fl-1b">
         <path>C:\ti\controlSUITE\device_support\f2802x\v230\f2802x_common\lib\</path>
         <kind>archive</kind>
         <file>driverlib.lib</file>
         <name>pwm.obj</name>
      </input_file>
      <input_file id="fl-1c">
         <path>C:\ti\controlSUITE\device_support\f2802x\v230\f2802x_common\lib\</path>
         <kind>archive</kind>
         <file>driverlib.lib</file>
         <name>sci.obj</name>
      </input_file>
      <input_file id="fl-1d">
         <path>C:\ti\controlSUITE\device_support\f2802x\v230\f2802x_common\lib\</path>
         <kind>archive</kind>
         <file>driverlib.lib</file>
         <name>timer.obj</name>
      </input_file>
      <input_file id="fl-1e">
         <path>C:\ti\controlSUITE\device_support\f2802x\v230\f2802x_common\lib\</path>
         <kind>archive</kind>
         <file>driverlib.lib</file>
         <name>wdog.obj</name>
      </input_file>
      <input_file id="fl-1f">
         <path>C:\ti\controlSUITE\device_support\f2802x\v230\f2802x_common\lib\</path>
         <kind>archive</kind>
         <file>driverlib.lib</file>
         <name>f2802xx_defaultisr.obj</name>
      </input_file>
      <input_file id="fl-25">
         <path>C:\ti\ccsv6\tools\compiler\c2000_15.12.3.LTS\lib\</path>
         <kind>archive</kind>
         <file>rts2800_ml.lib</file>
         <name>atoi.obj</name>
      </input_file>
      <input_file id="fl-26">
         <path>C:\ti\ccsv6\tools\compiler\c2000_15.12.3.LTS\lib\</path>
         <kind>archive</kind>
         <file>rts2800_ml.lib</file>
         <name>boot.obj</name>
      </input_file>
      <input_file id="fl-27">
         <path>C:\ti\ccsv6\tools\compiler\c2000_15.12.3.LTS\lib\</path>
         <kind>archive</kind>
         <file>rts2800_ml.lib</file>
         <name>cpy_tbl.obj</name>
      </input_file>
      <input_file id="fl-28">
         <path>C:\ti\ccsv6\tools\compiler\c2000_15.12.3.LTS\lib\</path>
         <kind>archive</kind>
         <file>rts2800_ml.lib</file>
         <name>cpy_utils.obj</name>
      </input_file>
      <input_file id="fl-29">
         <path>C:\ti\ccsv6\tools\compiler\c2000_15.12.3.LTS\lib\</path>
         <kind>archive</kind>
         <file>rts2800_ml.lib</file>
         <name>ctype.obj</name>
      </input_file>
      <input_file id="fl-2a">
         <path>C:\ti\ccsv6\tools\compiler\c2000_15.12.3.LTS\lib\</path>
         <kind>archive</kind>
         <file>rts2800_ml.lib</file>
         <name>exit.obj</name>
      </input_file>
      <input_file id="fl-2b">
         <path>C:\ti\ccsv6\tools\compiler\c2000_15.12.3.LTS\lib\</path>
         <kind>archive</kind>
         <file>rts2800_ml.lib</file>
         <name>fs_add.obj</name>
      </input_file>
      <input_file id="fl-2c">
         <path>C:\ti\ccsv6\tools\compiler\c2000_15.12.3.LTS\lib\</path>
         <kind>archive</kind>
         <file>rts2800_ml.lib</file>
         <name>fs_mpy.obj</name>
      </input_file>
      <input_file id="fl-2d">
         <path>C:\ti\ccsv6\tools\compiler\c2000_15.12.3.LTS\lib\</path>
         <kind>archive</kind>
         <file>rts2800_ml.lib</file>
         <name>fs_toi.obj</name>
      </input_file>
      <input_file id="fl-2e">
         <path>C:\ti\ccsv6\tools\compiler\c2000_15.12.3.LTS\lib\</path>
         <kind>archive</kind>
         <file>rts2800_ml.lib</file>
         <name>i_tofs.obj</name>
      </input_file>
      <input_file id="fl-2f">
         <path>C:\ti\ccsv6\tools\compiler\c2000_15.12.3.LTS\lib\</path>
         <kind>archive</kind>
         <file>rts2800_ml.lib</file>
         <name>l_div.obj</name>
      </input_file>
      <input_file id="fl-30">
         <path>C:\ti\ccsv6\tools\compiler\c2000_15.12.3.LTS\lib\</path>
         <kind>archive</kind>
         <file>rts2800_ml.lib</file>
         <name>ltoa.obj</name>
      </input_file>
      <input_file id="fl-31">
         <path>C:\ti\ccsv6\tools\compiler\c2000_15.12.3.LTS\lib\</path>
         <kind>archive</kind>
         <file>rts2800_ml.lib</file>
         <name>memcpy.obj</name>
      </input_file>
      <input_file id="fl-32">
         <path>C:\ti\ccsv6\tools\compiler\c2000_15.12.3.LTS\lib\</path>
         <kind>archive</kind>
         <file>rts2800_ml.lib</file>
         <name>pre_init.obj</name>
      </input_file>
      <input_file id="fl-33">
         <path>C:\ti\ccsv6\tools\compiler\c2000_15.12.3.LTS\lib\</path>
         <kind>archive</kind>
         <file>rts2800_ml.lib</file>
         <name>startup.obj</name>
      </input_file>
      <input_file id="fl-34">
         <path>C:\ti\ccsv6\tools\compiler\c2000_15.12.3.LTS\lib\</path>
         <kind>archive</kind>
         <file>rts2800_ml.lib</file>
         <name>_lock.obj</name>
      </input_file>
      <input_file id="fl-35">
         <path>C:\ti\ccsv6\tools\compiler\c2000_15.12.3.LTS\lib\</path>
         <kind>archive</kind>
         <file>rts2800_ml.lib</file>
         <name>args_main.obj</name>
      </input_file>
   </input_file_list>
   <object_component_list>
      <object_component id="oc-125">
         <name>.cinit</name>
         <load_address>0x3f6ed4</load_address>
         <run_address>0x3f6ed4</run_address>
         <size>0xe</size>
         <input_file_ref idref="fl-2a"/>
      </object_component>
      <object_component id="oc-16c">
         <name>.cinit:__lock</name>
         <load_address>0x3f6ee2</load_address>
         <run_address>0x3f6ee2</run_address>
         <size>0x5</size>
         <input_file_ref idref="fl-34"/>
      </object_component>
      <object_component id="oc-1b1">
         <name>.cinit:__unlock</name>
         <load_address>0x3f6ee7</load_address>
         <run_address>0x3f6ee7</run_address>
         <size>0x5</size>
         <input_file_ref idref="fl-34"/>
      </object_component>
      <object_component id="oc-4f">
         <name>.cinit</name>
         <load_address>0x3f6eec</load_address>
         <run_address>0x3f6eec</run_address>
         <size>0x4</size>
         <input_file_ref idref="fl-6"/>
      </object_component>
      <object_component id="oc-167">
         <name>.text</name>
         <load_address>0x3f6188</load_address>
         <run_address>0x3f6188</run_address>
         <size>0xf7</size>
         <input_file_ref idref="fl-8"/>
      </object_component>
      <object_component id="oc-169">
         <name>.text</name>
         <load_address>0x3f627f</load_address>
         <run_address>0x3f627f</run_address>
         <size>0xcd</size>
         <input_file_ref idref="fl-a"/>
      </object_component>
      <object_component id="oc-1ae">
         <name>.text</name>
         <load_address>0x3f634c</load_address>
         <run_address>0x3f634c</run_address>
         <size>0xaf</size>
         <input_file_ref idref="fl-4"/>
      </object_component>
      <object_component id="oc-16a">
         <name>.text</name>
         <load_address>0x3f63fb</load_address>
         <run_address>0x3f63fb</run_address>
         <size>0x9d</size>
         <input_file_ref idref="fl-6"/>
      </object_component>
      <object_component id="oc-1af">
         <name>.text</name>
         <load_address>0x3f6498</load_address>
         <run_address>0x3f6498</run_address>
         <size>0x94</size>
         <input_file_ref idref="fl-9"/>
      </object_component>
      <object_component id="oc-12b">
         <name>.text</name>
         <load_address>0x3f652c</load_address>
         <run_address>0x3f652c</run_address>
         <size>0x78</size>
         <input_file_ref idref="fl-2b"/>
      </object_component>
      <object_component id="oc-168">
         <name>.text:_OSC_runCompensation</name>
         <load_address>0x3f65a4</load_address>
         <run_address>0x3f65a4</run_address>
         <size>0x75</size>
         <input_file_ref idref="fl-18"/>
      </object_component>
      <object_component id="oc-1ac">
         <name>.text</name>
         <load_address>0x3f6619</load_address>
         <run_address>0x3f6619</run_address>
         <size>0x71</size>
         <input_file_ref idref="fl-2"/>
      </object_component>
      <object_component id="oc-1bd">
         <name>.text</name>
         <load_address>0x3f668a</load_address>
         <run_address>0x3f668a</run_address>
         <size>0x5d</size>
         <input_file_ref idref="fl-b"/>
      </object_component>
      <object_component id="oc-130">
         <name>.text</name>
         <load_address>0x3f66e7</load_address>
         <run_address>0x3f66e7</run_address>
         <size>0x5a</size>
         <input_file_ref idref="fl-2c"/>
      </object_component>
      <object_component id="oc-1be">
         <name>.text</name>
         <load_address>0x3f6741</load_address>
         <run_address>0x3f6741</run_address>
         <size>0x56</size>
         <input_file_ref idref="fl-7"/>
      </object_component>
      <object_component id="oc-38">
         <name>.text</name>
         <load_address>0x3f6797</load_address>
         <run_address>0x3f6797</run_address>
         <size>0x54</size>
         <input_file_ref idref="fl-26"/>
      </object_component>
      <object_component id="oc-191">
         <name>.text:_GPIO_setMode</name>
         <load_address>0x3f67eb</load_address>
         <run_address>0x3f67eb</run_address>
         <size>0x48</size>
         <input_file_ref idref="fl-17"/>
      </object_component>
      <object_component id="oc-163">
         <name>.text</name>
         <load_address>0x3f6833</load_address>
         <run_address>0x3f6833</run_address>
         <size>0x46</size>
         <input_file_ref idref="fl-27"/>
      </object_component>
      <object_component id="oc-1ad">
         <name>.text</name>
         <load_address>0x3f6879</load_address>
         <run_address>0x3f6879</run_address>
         <size>0x33</size>
         <input_file_ref idref="fl-5"/>
      </object_component>
      <object_component id="oc-5e">
         <name>.text:retain</name>
         <load_address>0x3f68ac</load_address>
         <run_address>0x3f68ac</run_address>
         <size>0x31</size>
         <input_file_ref idref="fl-8"/>
      </object_component>
      <object_component id="oc-1bc">
         <name>.text</name>
         <load_address>0x3f68dd</load_address>
         <run_address>0x3f68dd</run_address>
         <size>0x31</size>
         <input_file_ref idref="fl-25"/>
      </object_component>
      <object_component id="oc-1bf">
         <name>.text</name>
         <load_address>0x3f690e</load_address>
         <run_address>0x3f690e</run_address>
         <size>0x2e</size>
         <input_file_ref idref="fl-30"/>
      </object_component>
      <object_component id="oc-1d9">
         <name>.text</name>
         <load_address>0x3f693c</load_address>
         <run_address>0x3f693c</run_address>
         <size>0x2b</size>
         <input_file_ref idref="fl-3"/>
      </object_component>
      <object_component id="oc-13f">
         <name>.text</name>
         <load_address>0x3f6967</load_address>
         <run_address>0x3f6967</run_address>
         <size>0x2a</size>
         <input_file_ref idref="fl-2f"/>
      </object_component>
      <object_component id="oc-1c0">
         <name>.text:_GPIO_setDirection</name>
         <load_address>0x3f6991</load_address>
         <run_address>0x3f6991</run_address>
         <size>0x29</size>
         <input_file_ref idref="fl-17"/>
      </object_component>
      <object_component id="oc-18f">
         <name>.text:_GPIO_setPullUp</name>
         <load_address>0x3f69ba</load_address>
         <run_address>0x3f69ba</run_address>
         <size>0x29</size>
         <input_file_ref idref="fl-17"/>
      </object_component>
      <object_component id="oc-6a">
         <name>.text:retain</name>
         <load_address>0x3f69e3</load_address>
         <run_address>0x3f69e3</run_address>
         <size>0x29</size>
         <input_file_ref idref="fl-a"/>
      </object_component>
      <object_component id="oc-166">
         <name>.text</name>
         <load_address>0x3f6a0c</load_address>
         <run_address>0x3f6a0c</run_address>
         <size>0x29</size>
         <input_file_ref idref="fl-2a"/>
      </object_component>
      <object_component id="oc-190">
         <name>.text:_GPIO_setQualification</name>
         <load_address>0x3f6a35</load_address>
         <run_address>0x3f6a35</run_address>
         <size>0x27</size>
         <input_file_ref idref="fl-17"/>
      </object_component>
      <object_component id="oc-135">
         <name>.text</name>
         <load_address>0x3f6a5c</load_address>
         <run_address>0x3f6a5c</run_address>
         <size>0x25</size>
         <input_file_ref idref="fl-2d"/>
      </object_component>
      <object_component id="oc-181">
         <name>.text:_ADC_setIntMode</name>
         <load_address>0x3f6a81</load_address>
         <run_address>0x3f6a81</run_address>
         <size>0x22</size>
         <input_file_ref idref="fl-13"/>
      </object_component>
      <object_component id="oc-182">
         <name>.text:_ADC_setIntSrc</name>
         <load_address>0x3f6aa3</load_address>
         <run_address>0x3f6aa3</run_address>
         <size>0x22</size>
         <input_file_ref idref="fl-13"/>
      </object_component>
      <object_component id="oc-1a2">
         <name>.text</name>
         <load_address>0x3f6ac5</load_address>
         <run_address>0x3f6ac5</run_address>
         <size>0x1d</size>
         <input_file_ref idref="fl-31"/>
      </object_component>
      <object_component id="oc-11d">
         <name>.text</name>
         <load_address>0x3f6ae2</load_address>
         <run_address>0x3f6ae2</run_address>
         <size>0x1a</size>
         <input_file_ref idref="fl-28"/>
      </object_component>
      <object_component id="oc-13a">
         <name>.text</name>
         <load_address>0x3f6afc</load_address>
         <run_address>0x3f6afc</run_address>
         <size>0x1a</size>
         <input_file_ref idref="fl-2e"/>
      </object_component>
      <object_component id="oc-165">
         <name>.text</name>
         <load_address>0x3f6b16</load_address>
         <run_address>0x3f6b16</run_address>
         <size>0x19</size>
         <input_file_ref idref="fl-35"/>
      </object_component>
      <object_component id="oc-183">
         <name>.text:_ADC_enableInt</name>
         <load_address>0x3f6b2f</load_address>
         <run_address>0x3f6b2f</run_address>
         <size>0x17</size>
         <input_file_ref idref="fl-13"/>
      </object_component>
      <object_component id="oc-1a6">
         <name>.text:_PLL_setup</name>
         <load_address>0x3f6b46</load_address>
         <run_address>0x3f6b46</run_address>
         <size>0x15</size>
         <input_file_ref idref="fl-1a"/>
      </object_component>
      <object_component id="oc-1c2">
         <name>.text:_GPIO_setHigh</name>
         <load_address>0x3f6b5b</load_address>
         <run_address>0x3f6b5b</run_address>
         <size>0x14</size>
         <input_file_ref idref="fl-17"/>
      </object_component>
      <object_component id="oc-1c1">
         <name>.text:_GPIO_setLow</name>
         <load_address>0x3f6b6f</load_address>
         <run_address>0x3f6b6f</run_address>
         <size>0x14</size>
         <input_file_ref idref="fl-17"/>
      </object_component>
      <object_component id="oc-18a">
         <name>.text:_PIE_enableAdcInt</name>
         <load_address>0x3f6b83</load_address>
         <run_address>0x3f6b83</run_address>
         <size>0x14</size>
         <input_file_ref idref="fl-19"/>
      </object_component>
      <object_component id="oc-170">
         <name>.text:_TIMER_setPreScaler</name>
         <load_address>0x3f6b97</load_address>
         <run_address>0x3f6b97</run_address>
         <size>0x13</size>
         <input_file_ref idref="fl-1d"/>
      </object_component>
      <object_component id="oc-184">
         <name>.text:_ADC_setSocChanNumber</name>
         <load_address>0x3f6baa</load_address>
         <run_address>0x3f6baa</run_address>
         <size>0x12</size>
         <input_file_ref idref="fl-13"/>
      </object_component>
      <object_component id="oc-186">
         <name>.text:_ADC_setSocSampleWindow</name>
         <load_address>0x3f6bbc</load_address>
         <run_address>0x3f6bbc</run_address>
         <size>0x12</size>
         <input_file_ref idref="fl-13"/>
      </object_component>
      <object_component id="oc-185">
         <name>.text:_ADC_setSocTrigSrc</name>
         <load_address>0x3f6bce</load_address>
         <run_address>0x3f6bce</run_address>
         <size>0x12</size>
         <input_file_ref idref="fl-13"/>
      </object_component>
      <object_component id="oc-180">
         <name>.text:_ADC_setIntPulseGenMode</name>
         <load_address>0x3f6be0</load_address>
         <run_address>0x3f6be0</run_address>
         <size>0x11</size>
         <input_file_ref idref="fl-13"/>
      </object_component>
      <object_component id="oc-17e">
         <name>.text:_ADC_setVoltRefSrc</name>
         <load_address>0x3f6bf1</load_address>
         <run_address>0x3f6bf1</run_address>
         <size>0x11</size>
         <input_file_ref idref="fl-13"/>
      </object_component>
      <object_component id="oc-18d">
         <name>.text:_OSC_setFineTrim</name>
         <load_address>0x3f6c02</load_address>
         <run_address>0x3f6c02</run_address>
         <size>0x11</size>
         <input_file_ref idref="fl-18"/>
      </object_component>
      <object_component id="oc-1a9">
         <name>.text:_PIE_disableAllInts</name>
         <load_address>0x3f6c13</load_address>
         <run_address>0x3f6c13</run_address>
         <size>0x11</size>
         <input_file_ref idref="fl-19"/>
      </object_component>
      <object_component id="oc-189">
         <name>.text:_PIE_registerPieIntHandler</name>
         <load_address>0x3f6c24</load_address>
         <run_address>0x3f6c24</run_address>
         <size>0xf</size>
         <input_file_ref idref="fl-19"/>
      </object_component>
      <object_component id="oc-18c">
         <name>.text:_OSC_setCoarseTrim</name>
         <load_address>0x3f6c33</load_address>
         <run_address>0x3f6c33</run_address>
         <size>0xd</size>
         <input_file_ref idref="fl-18"/>
      </object_component>
      <object_component id="oc-17d">
         <name>.text:_ADC_enable</name>
         <load_address>0x3f6c40</load_address>
         <run_address>0x3f6c40</run_address>
         <size>0xa</size>
         <input_file_ref idref="fl-13"/>
      </object_component>
      <object_component id="oc-17a">
         <name>.text:_ADC_enableBandGap</name>
         <load_address>0x3f6c4a</load_address>
         <run_address>0x3f6c4a</run_address>
         <size>0xa</size>
         <input_file_ref idref="fl-13"/>
      </object_component>
      <object_component id="oc-17b">
         <name>.text:_ADC_enableRefBuffers</name>
         <load_address>0x3f6c54</load_address>
         <run_address>0x3f6c54</run_address>
         <size>0xa</size>
         <input_file_ref idref="fl-13"/>
      </object_component>
      <object_component id="oc-17f">
         <name>.text:_ADC_enableTempSensor</name>
         <load_address>0x3f6c5e</load_address>
         <run_address>0x3f6c5e</run_address>
         <size>0xa</size>
         <input_file_ref idref="fl-13"/>
      </object_component>
      <object_component id="oc-176">
         <name>.text:_ADC_init</name>
         <load_address>0x3f6c68</load_address>
         <run_address>0x3f6c68</run_address>
         <size>0xa</size>
         <input_file_ref idref="fl-13"/>
      </object_component>
      <object_component id="oc-17c">
         <name>.text:_ADC_powerUp</name>
         <load_address>0x3f6c72</load_address>
         <run_address>0x3f6c72</run_address>
         <size>0xa</size>
         <input_file_ref idref="fl-13"/>
      </object_component>
      <object_component id="oc-19e">
         <name>.text:_PIE_enableInt</name>
         <load_address>0x3f6c7c</load_address>
         <run_address>0x3f6c7c</run_address>
         <size>0xa</size>
         <input_file_ref idref="fl-19"/>
      </object_component>
      <object_component id="oc-178">
         <name>.text:_PIE_init</name>
         <load_address>0x3f6c86</load_address>
         <run_address>0x3f6c86</run_address>
         <size>0xa</size>
         <input_file_ref idref="fl-19"/>
      </object_component>
      <object_component id="oc-1c5">
         <name>.text:_CLK_enablePwmClock</name>
         <load_address>0x3f6c90</load_address>
         <run_address>0x3f6c90</run_address>
         <size>0x9</size>
         <input_file_ref idref="fl-14"/>
      </object_component>
      <object_component id="oc-192">
         <name>.text:_CLK_enableSciaClock</name>
         <load_address>0x3f6c99</load_address>
         <run_address>0x3f6c99</run_address>
         <size>0x9</size>
         <input_file_ref idref="fl-14"/>
      </object_component>
      <object_component id="oc-1d3">
         <name>.text:_PWM_setActionQual_CntUp_CmpA_PwmA</name>
         <load_address>0x3f6ca2</load_address>
         <run_address>0x3f6ca2</run_address>
         <size>0x9</size>
         <input_file_ref idref="fl-1b"/>
      </object_component>
      <object_component id="oc-1d4">
         <name>.text:_PWM_setActionQual_CntUp_CmpB_PwmB</name>
         <load_address>0x3f6cab</load_address>
         <run_address>0x3f6cab</run_address>
         <size>0x9</size>
         <input_file_ref idref="fl-1b"/>
      </object_component>
      <object_component id="oc-19c">
         <name>.text:_SCI_putDataBlocking</name>
         <load_address>0x3f6cb4</load_address>
         <run_address>0x3f6cb4</run_address>
         <size>0x9</size>
         <input_file_ref idref="fl-1c"/>
      </object_component>
      <object_component id="oc-1b0">
         <name>.text</name>
         <load_address>0x3f6cbd</load_address>
         <run_address>0x3f6cbd</run_address>
         <size>0x9</size>
         <input_file_ref idref="fl-34"/>
      </object_component>
      <object_component id="oc-174">
         <name>.text:_CLK_init</name>
         <load_address>0x3f6cc6</load_address>
         <run_address>0x3f6cc6</run_address>
         <size>0x8</size>
         <input_file_ref idref="fl-14"/>
      </object_component>
      <object_component id="oc-19f">
         <name>.text:_FLASH_init</name>
         <load_address>0x3f6cce</load_address>
         <run_address>0x3f6cce</run_address>
         <size>0x8</size>
         <input_file_ref idref="fl-16"/>
      </object_component>
      <object_component id="oc-18e">
         <name>.text:_GPIO_init</name>
         <load_address>0x3f6cd6</load_address>
         <run_address>0x3f6cd6</run_address>
         <size>0x8</size>
         <input_file_ref idref="fl-17"/>
      </object_component>
      <object_component id="oc-177">
         <name>.text:_OSC_init</name>
         <load_address>0x3f6cde</load_address>
         <run_address>0x3f6cde</run_address>
         <size>0x8</size>
         <input_file_ref idref="fl-18"/>
      </object_component>
      <object_component id="oc-1a0">
         <name>.text:_PLL_init</name>
         <load_address>0x3f6ce6</load_address>
         <run_address>0x3f6ce6</run_address>
         <size>0x8</size>
         <input_file_ref idref="fl-1a"/>
      </object_component>
      <object_component id="oc-1c4">
         <name>.text:_PWM_init</name>
         <load_address>0x3f6cee</load_address>
         <run_address>0x3f6cee</run_address>
         <size>0x8</size>
         <input_file_ref idref="fl-1b"/>
      </object_component>
      <object_component id="oc-19d">
         <name>.text:_SCI_init</name>
         <load_address>0x3f6cf6</load_address>
         <run_address>0x3f6cf6</run_address>
         <size>0x8</size>
         <input_file_ref idref="fl-1c"/>
      </object_component>
      <object_component id="oc-16d">
         <name>.text:_TIMER_init</name>
         <load_address>0x3f6cfe</load_address>
         <run_address>0x3f6cfe</run_address>
         <size>0x8</size>
         <input_file_ref idref="fl-1d"/>
      </object_component>
      <object_component id="oc-1a3">
         <name>.text:_WDOG_disable</name>
         <load_address>0x3f6d06</load_address>
         <run_address>0x3f6d06</run_address>
         <size>0x8</size>
         <input_file_ref idref="fl-1e"/>
      </object_component>
      <object_component id="oc-1a1">
         <name>.text:_WDOG_init</name>
         <load_address>0x3f6d0e</load_address>
         <run_address>0x3f6d0e</run_address>
         <size>0x8</size>
         <input_file_ref idref="fl-1e"/>
      </object_component>
      <object_component id="oc-1a4">
         <name>.text:_CLK_disableAdcClock</name>
         <load_address>0x3f6d16</load_address>
         <run_address>0x3f6d16</run_address>
         <size>0x7</size>
         <input_file_ref idref="fl-14"/>
      </object_component>
      <object_component id="oc-179">
         <name>.text:_CLK_enableAdcClock</name>
         <load_address>0x3f6d1d</load_address>
         <run_address>0x3f6d1d</run_address>
         <size>0x7</size>
         <input_file_ref idref="fl-14"/>
      </object_component>
      <object_component id="oc-1c3">
         <name>.text:_CLK_enableI2cClock</name>
         <load_address>0x3f6d24</load_address>
         <run_address>0x3f6d24</run_address>
         <size>0x7</size>
         <input_file_ref idref="fl-14"/>
      </object_component>
      <object_component id="oc-1d5">
         <name>.text:_CLK_enableTbClockSync</name>
         <load_address>0x3f6d2b</load_address>
         <run_address>0x3f6d2b</run_address>
         <size>0x7</size>
         <input_file_ref idref="fl-14"/>
      </object_component>
      <object_component id="oc-1a5">
         <name>.text:_CLK_setOscSrc</name>
         <load_address>0x3f6d32</load_address>
         <run_address>0x3f6d32</run_address>
         <size>0x7</size>
         <input_file_ref idref="fl-14"/>
      </object_component>
      <object_component id="oc-1b3">
         <name>.text:_PLL_setDivider</name>
         <load_address>0x3f6d39</load_address>
         <run_address>0x3f6d39</run_address>
         <size>0x7</size>
         <input_file_ref idref="fl-1a"/>
      </object_component>
      <object_component id="oc-1d1">
         <name>.text:_PWM_setActionQual_Zero_PwmA</name>
         <load_address>0x3f6d40</load_address>
         <run_address>0x3f6d40</run_address>
         <size>0x7</size>
         <input_file_ref idref="fl-1b"/>
      </object_component>
      <object_component id="oc-1d2">
         <name>.text:_PWM_setActionQual_Zero_PwmB</name>
         <load_address>0x3f6d47</load_address>
         <run_address>0x3f6d47</run_address>
         <size>0x7</size>
         <input_file_ref idref="fl-1b"/>
      </object_component>
      <object_component id="oc-1b4">
         <name>.text:_PLL_setMultiplier</name>
         <load_address>0x3f6d4e</load_address>
         <run_address>0x3f6d4e</run_address>
         <size>0x6</size>
         <input_file_ref idref="fl-1a"/>
      </object_component>
      <object_component id="oc-1d0">
         <name>.text:_PWM_setLoadMode_CmpB</name>
         <load_address>0x3f6d54</load_address>
         <run_address>0x3f6d54</run_address>
         <size>0x6</size>
         <input_file_ref idref="fl-1b"/>
      </object_component>
      <object_component id="oc-1cd">
         <name>.text:_PWM_setShadowMode_CmpA</name>
         <load_address>0x3f6d5a</load_address>
         <run_address>0x3f6d5a</run_address>
         <size>0x6</size>
         <input_file_ref idref="fl-1b"/>
      </object_component>
      <object_component id="oc-1ce">
         <name>.text:_PWM_setShadowMode_CmpB</name>
         <load_address>0x3f6d60</load_address>
         <run_address>0x3f6d60</run_address>
         <size>0x6</size>
         <input_file_ref idref="fl-1b"/>
      </object_component>
      <object_component id="oc-197">
         <name>.text:_SCI_setBaudRate</name>
         <load_address>0x3f6d66</load_address>
         <run_address>0x3f6d66</run_address>
         <size>0x6</size>
         <input_file_ref idref="fl-1c"/>
      </object_component>
      <object_component id="oc-172">
         <name>.text:_TIMER_setEmulationMode</name>
         <load_address>0x3f6d6c</load_address>
         <run_address>0x3f6d6c</run_address>
         <size>0x6</size>
         <input_file_ref idref="fl-1d"/>
      </object_component>
      <object_component id="oc-e9">
         <name>.text:_ADCINT1_ISR</name>
         <load_address>0x3f6d72</load_address>
         <run_address>0x3f6d72</run_address>
         <size>0x5</size>
         <input_file_ref idref="fl-1f"/>
      </object_component>
      <object_component id="oc-ea">
         <name>.text:_ADCINT2_ISR</name>
         <load_address>0x3f6d77</load_address>
         <run_address>0x3f6d77</run_address>
         <size>0x5</size>
         <input_file_ref idref="fl-1f"/>
      </object_component>
      <object_component id="oc-ff">
         <name>.text:_ADCINT3_ISR</name>
         <load_address>0x3f6d7c</load_address>
         <run_address>0x3f6d7c</run_address>
         <size>0x5</size>
         <input_file_ref idref="fl-1f"/>
      </object_component>
      <object_component id="oc-100">
         <name>.text:_ADCINT4_ISR</name>
         <load_address>0x3f6d81</load_address>
         <run_address>0x3f6d81</run_address>
         <size>0x5</size>
         <input_file_ref idref="fl-1f"/>
      </object_component>
      <object_component id="oc-101">
         <name>.text:_ADCINT5_ISR</name>
         <load_address>0x3f6d86</load_address>
         <run_address>0x3f6d86</run_address>
         <size>0x5</size>
         <input_file_ref idref="fl-1f"/>
      </object_component>
      <object_component id="oc-102">
         <name>.text:_ADCINT6_ISR</name>
         <load_address>0x3f6d8b</load_address>
         <run_address>0x3f6d8b</run_address>
         <size>0x5</size>
         <input_file_ref idref="fl-1f"/>
      </object_component>
      <object_component id="oc-103">
         <name>.text:_ADCINT7_ISR</name>
         <load_address>0x3f6d90</load_address>
         <run_address>0x3f6d90</run_address>
         <size>0x5</size>
         <input_file_ref idref="fl-1f"/>
      </object_component>
      <object_component id="oc-104">
         <name>.text:_ADCINT8_ISR</name>
         <load_address>0x3f6d95</load_address>
         <run_address>0x3f6d95</run_address>
         <size>0x5</size>
         <input_file_ref idref="fl-1f"/>
      </object_component>
      <object_component id="oc-ed">
         <name>.text:_ADCINT9_ISR</name>
         <load_address>0x3f6d9a</load_address>
         <run_address>0x3f6d9a</run_address>
         <size>0x5</size>
         <input_file_ref idref="fl-1f"/>
      </object_component>
      <object_component id="oc-d8">
         <name>.text:_DATALOG_ISR</name>
         <load_address>0x3f6d9f</load_address>
         <run_address>0x3f6d9f</run_address>
         <size>0x5</size>
         <input_file_ref idref="fl-1f"/>
      </object_component>
      <object_component id="oc-f8">
         <name>.text:_ECAP1_INT_ISR</name>
         <load_address>0x3f6da4</load_address>
         <run_address>0x3f6da4</run_address>
         <size>0x5</size>
         <input_file_ref idref="fl-1f"/>
      </object_component>
      <object_component id="oc-106">
         <name>.text:_EMPTY_ISR</name>
         <load_address>0x3f6da9</load_address>
         <run_address>0x3f6da9</run_address>
         <size>0x5</size>
         <input_file_ref idref="fl-1f"/>
      </object_component>
      <object_component id="oc-da">
         <name>.text:_EMUINT_ISR</name>
         <load_address>0x3f6dae</load_address>
         <run_address>0x3f6dae</run_address>
         <size>0x5</size>
         <input_file_ref idref="fl-1f"/>
      </object_component>
      <object_component id="oc-f4">
         <name>.text:_EPWM1_INT_ISR</name>
         <load_address>0x3f6db3</load_address>
         <run_address>0x3f6db3</run_address>
         <size>0x5</size>
         <input_file_ref idref="fl-1f"/>
      </object_component>
      <object_component id="oc-f0">
         <name>.text:_EPWM1_TZINT_ISR</name>
         <load_address>0x3f6db8</load_address>
         <run_address>0x3f6db8</run_address>
         <size>0x5</size>
         <input_file_ref idref="fl-1f"/>
      </object_component>
      <object_component id="oc-f5">
         <name>.text:_EPWM2_INT_ISR</name>
         <load_address>0x3f6dbd</load_address>
         <run_address>0x3f6dbd</run_address>
         <size>0x5</size>
         <input_file_ref idref="fl-1f"/>
      </object_component>
      <object_component id="oc-f1">
         <name>.text:_EPWM2_TZINT_ISR</name>
         <load_address>0x3f6dc2</load_address>
         <run_address>0x3f6dc2</run_address>
         <size>0x5</size>
         <input_file_ref idref="fl-1f"/>
      </object_component>
      <object_component id="oc-f6">
         <name>.text:_EPWM3_INT_ISR</name>
         <load_address>0x3f6dc7</load_address>
         <run_address>0x3f6dc7</run_address>
         <size>0x5</size>
         <input_file_ref idref="fl-1f"/>
      </object_component>
      <object_component id="oc-f2">
         <name>.text:_EPWM3_TZINT_ISR</name>
         <load_address>0x3f6dcc</load_address>
         <run_address>0x3f6dcc</run_address>
         <size>0x5</size>
         <input_file_ref idref="fl-1f"/>
      </object_component>
      <object_component id="oc-f7">
         <name>.text:_EPWM4_INT_ISR</name>
         <load_address>0x3f6dd1</load_address>
         <run_address>0x3f6dd1</run_address>
         <size>0x5</size>
         <input_file_ref idref="fl-1f"/>
      </object_component>
      <object_component id="oc-f3">
         <name>.text:_EPWM4_TZINT_ISR</name>
         <load_address>0x3f6dd6</load_address>
         <run_address>0x3f6dd6</run_address>
         <size>0x5</size>
         <input_file_ref idref="fl-1f"/>
      </object_component>
      <object_component id="oc-fb">
         <name>.text:_I2CINT1A_ISR</name>
         <load_address>0x3f6ddb</load_address>
         <run_address>0x3f6ddb</run_address>
         <size>0x5</size>
         <input_file_ref idref="fl-1f"/>
      </object_component>
      <object_component id="oc-fc">
         <name>.text:_I2CINT2A_ISR</name>
         <load_address>0x3f6de0</load_address>
         <run_address>0x3f6de0</run_address>
         <size>0x5</size>
         <input_file_ref idref="fl-1f"/>
      </object_component>
      <object_component id="oc-dc">
         <name>.text:_ILLEGAL_ISR</name>
         <load_address>0x3f6de5</load_address>
         <run_address>0x3f6de5</run_address>
         <size>0x5</size>
         <input_file_ref idref="fl-1f"/>
      </object_component>
      <object_component id="oc-d6">
         <name>.text:_INT13_ISR</name>
         <load_address>0x3f6dea</load_address>
         <run_address>0x3f6dea</run_address>
         <size>0x5</size>
         <input_file_ref idref="fl-1f"/>
      </object_component>
      <object_component id="oc-d7">
         <name>.text:_INT14_ISR</name>
         <load_address>0x3f6def</load_address>
         <run_address>0x3f6def</run_address>
         <size>0x5</size>
         <input_file_ref idref="fl-1f"/>
      </object_component>
      <object_component id="oc-db">
         <name>.text:_NMI_ISR</name>
         <load_address>0x3f6df4</load_address>
         <run_address>0x3f6df4</run_address>
         <size>0x5</size>
         <input_file_ref idref="fl-1f"/>
      </object_component>
      <object_component id="oc-107">
         <name>.text:_PIE_RESERVED</name>
         <load_address>0x3f6df9</load_address>
         <run_address>0x3f6df9</run_address>
         <size>0x5</size>
         <input_file_ref idref="fl-1f"/>
      </object_component>
      <object_component id="oc-b7">
         <name>.text:_PIE_illegalIsr</name>
         <load_address>0x3f6dfe</load_address>
         <run_address>0x3f6dfe</run_address>
         <size>0x5</size>
         <input_file_ref idref="fl-19"/>
      </object_component>
      <object_component id="oc-d9">
         <name>.text:_RTOSINT_ISR</name>
         <load_address>0x3f6e03</load_address>
         <run_address>0x3f6e03</run_address>
         <size>0x5</size>
         <input_file_ref idref="fl-1f"/>
      </object_component>
      <object_component id="oc-fd">
         <name>.text:_SCIRXINTA_ISR</name>
         <load_address>0x3f6e08</load_address>
         <run_address>0x3f6e08</run_address>
         <size>0x5</size>
         <input_file_ref idref="fl-1f"/>
      </object_component>
      <object_component id="oc-fe">
         <name>.text:_SCITXINTA_ISR</name>
         <load_address>0x3f6e0d</load_address>
         <run_address>0x3f6e0d</run_address>
         <size>0x5</size>
         <input_file_ref idref="fl-1f"/>
      </object_component>
      <object_component id="oc-f9">
         <name>.text:_SPIRXINTA_ISR</name>
         <load_address>0x3f6e12</load_address>
         <run_address>0x3f6e12</run_address>
         <size>0x5</size>
         <input_file_ref idref="fl-1f"/>
      </object_component>
      <object_component id="oc-fa">
         <name>.text:_SPITXINTA_ISR</name>
         <load_address>0x3f6e17</load_address>
         <run_address>0x3f6e17</run_address>
         <size>0x5</size>
         <input_file_ref idref="fl-1f"/>
      </object_component>
      <object_component id="oc-ee">
         <name>.text:_TINT0_ISR</name>
         <load_address>0x3f6e1c</load_address>
         <run_address>0x3f6e1c</run_address>
         <size>0x5</size>
         <input_file_ref idref="fl-1f"/>
      </object_component>
      <object_component id="oc-e6">
         <name>.text:_USER10_ISR</name>
         <load_address>0x3f6e21</load_address>
         <run_address>0x3f6e21</run_address>
         <size>0x5</size>
         <input_file_ref idref="fl-1f"/>
      </object_component>
      <object_component id="oc-e7">
         <name>.text:_USER11_ISR</name>
         <load_address>0x3f6e26</load_address>
         <run_address>0x3f6e26</run_address>
         <size>0x5</size>
         <input_file_ref idref="fl-1f"/>
      </object_component>
      <object_component id="oc-e8">
         <name>.text:_USER12_ISR</name>
         <load_address>0x3f6e2b</load_address>
         <run_address>0x3f6e2b</run_address>
         <size>0x5</size>
         <input_file_ref idref="fl-1f"/>
      </object_component>
      <object_component id="oc-dd">
         <name>.text:_USER1_ISR</name>
         <load_address>0x3f6e30</load_address>
         <run_address>0x3f6e30</run_address>
         <size>0x5</size>
         <input_file_ref idref="fl-1f"/>
      </object_component>
      <object_component id="oc-de">
         <name>.text:_USER2_ISR</name>
         <load_address>0x3f6e35</load_address>
         <run_address>0x3f6e35</run_address>
         <size>0x5</size>
         <input_file_ref idref="fl-1f"/>
      </object_component>
      <object_component id="oc-df">
         <name>.text:_USER3_ISR</name>
         <load_address>0x3f6e3a</load_address>
         <run_address>0x3f6e3a</run_address>
         <size>0x5</size>
         <input_file_ref idref="fl-1f"/>
      </object_component>
      <object_component id="oc-e0">
         <name>.text:_USER4_ISR</name>
         <load_address>0x3f6e3f</load_address>
         <run_address>0x3f6e3f</run_address>
         <size>0x5</size>
         <input_file_ref idref="fl-1f"/>
      </object_component>
      <object_component id="oc-e1">
         <name>.text:_USER5_ISR</name>
         <load_address>0x3f6e44</load_address>
         <run_address>0x3f6e44</run_address>
         <size>0x5</size>
         <input_file_ref idref="fl-1f"/>
      </object_component>
      <object_component id="oc-e2">
         <name>.text:_USER6_ISR</name>
         <load_address>0x3f6e49</load_address>
         <run_address>0x3f6e49</run_address>
         <size>0x5</size>
         <input_file_ref idref="fl-1f"/>
      </object_component>
      <object_component id="oc-e3">
         <name>.text:_USER7_ISR</name>
         <load_address>0x3f6e4e</load_address>
         <run_address>0x3f6e4e</run_address>
         <size>0x5</size>
         <input_file_ref idref="fl-1f"/>
      </object_component>
      <object_component id="oc-e4">
         <name>.text:_USER8_ISR</name>
         <load_address>0x3f6e53</load_address>
         <run_address>0x3f6e53</run_address>
         <size>0x5</size>
         <input_file_ref idref="fl-1f"/>
      </object_component>
      <object_component id="oc-e5">
         <name>.text:_USER9_ISR</name>
         <load_address>0x3f6e58</load_address>
         <run_address>0x3f6e58</run_address>
         <size>0x5</size>
         <input_file_ref idref="fl-1f"/>
      </object_component>
      <object_component id="oc-ef">
         <name>.text:_WAKEINT_ISR</name>
         <load_address>0x3f6e5d</load_address>
         <run_address>0x3f6e5d</run_address>
         <size>0x5</size>
         <input_file_ref idref="fl-1f"/>
      </object_component>
      <object_component id="oc-eb">
         <name>.text:_XINT1_ISR</name>
         <load_address>0x3f6e62</load_address>
         <run_address>0x3f6e62</run_address>
         <size>0x5</size>
         <input_file_ref idref="fl-1f"/>
      </object_component>
      <object_component id="oc-ec">
         <name>.text:_XINT2_ISR</name>
         <load_address>0x3f6e67</load_address>
         <run_address>0x3f6e67</run_address>
         <size>0x5</size>
         <input_file_ref idref="fl-1f"/>
      </object_component>
      <object_component id="oc-105">
         <name>.text:_XINT3_ISR</name>
         <load_address>0x3f6e6c</load_address>
         <run_address>0x3f6e6c</run_address>
         <size>0x5</size>
         <input_file_ref idref="fl-1f"/>
      </object_component>
      <object_component id="oc-108">
         <name>.text:_rsvd_ISR</name>
         <load_address>0x3f6e71</load_address>
         <run_address>0x3f6e71</run_address>
         <size>0x5</size>
         <input_file_ref idref="fl-1f"/>
      </object_component>
      <object_component id="oc-18b">
         <name>.text:_CPU_enableInt</name>
         <load_address>0x3f6e76</load_address>
         <run_address>0x3f6e76</run_address>
         <size>0x4</size>
         <input_file_ref idref="fl-15"/>
      </object_component>
      <object_component id="oc-175">
         <name>.text:_CPU_init</name>
         <load_address>0x3f6e7a</load_address>
         <run_address>0x3f6e7a</run_address>
         <size>0x4</size>
         <input_file_ref idref="fl-15"/>
      </object_component>
      <object_component id="oc-1cc">
         <name>.text:_PWM_setClkDiv</name>
         <load_address>0x3f6e7e</load_address>
         <run_address>0x3f6e7e</run_address>
         <size>0x4</size>
         <input_file_ref idref="fl-1b"/>
      </object_component>
      <object_component id="oc-1c6">
         <name>.text:_PWM_setCounterMode</name>
         <load_address>0x3f6e82</load_address>
         <run_address>0x3f6e82</run_address>
         <size>0x4</size>
         <input_file_ref idref="fl-1b"/>
      </object_component>
      <object_component id="oc-1cb">
         <name>.text:_PWM_setHighSpeedClkDiv</name>
         <load_address>0x3f6e86</load_address>
         <run_address>0x3f6e86</run_address>
         <size>0x4</size>
         <input_file_ref idref="fl-1b"/>
      </object_component>
      <object_component id="oc-1cf">
         <name>.text:_PWM_setLoadMode_CmpA</name>
         <load_address>0x3f6e8a</load_address>
         <run_address>0x3f6e8a</run_address>
         <size>0x4</size>
         <input_file_ref idref="fl-1b"/>
      </object_component>
      <object_component id="oc-195">
         <name>.text:_SCI_setCharLength</name>
         <load_address>0x3f6e8e</load_address>
         <run_address>0x3f6e8e</run_address>
         <size>0x4</size>
         <input_file_ref idref="fl-1c"/>
      </object_component>
      <object_component id="oc-194">
         <name>.text:_SCI_setNumStopBits</name>
         <load_address>0x3f6e92</load_address>
         <run_address>0x3f6e92</run_address>
         <size>0x4</size>
         <input_file_ref idref="fl-1c"/>
      </object_component>
      <object_component id="oc-1ab">
         <name>.text:_CPU_clearIntFlags</name>
         <load_address>0x3f6e96</load_address>
         <run_address>0x3f6e96</run_address>
         <size>0x3</size>
         <input_file_ref idref="fl-15"/>
      </object_component>
      <object_component id="oc-1aa">
         <name>.text:_CPU_disableGlobalInts</name>
         <load_address>0x3f6e99</load_address>
         <run_address>0x3f6e99</run_address>
         <size>0x3</size>
         <input_file_ref idref="fl-15"/>
      </object_component>
      <object_component id="oc-188">
         <name>.text:_CPU_enableGlobalInts</name>
         <load_address>0x3f6e9c</load_address>
         <run_address>0x3f6e9c</run_address>
         <size>0x3</size>
         <input_file_ref idref="fl-15"/>
      </object_component>
      <object_component id="oc-1a8">
         <name>.text:_PIE_disable</name>
         <load_address>0x3f6e9f</load_address>
         <run_address>0x3f6e9f</run_address>
         <size>0x3</size>
         <input_file_ref idref="fl-19"/>
      </object_component>
      <object_component id="oc-187">
         <name>.text:_PIE_enable</name>
         <load_address>0x3f6ea2</load_address>
         <run_address>0x3f6ea2</run_address>
         <size>0x3</size>
         <input_file_ref idref="fl-19"/>
      </object_component>
      <object_component id="oc-1b2">
         <name>.text:_PLL_getClkStatus</name>
         <load_address>0x3f6ea5</load_address>
         <run_address>0x3f6ea5</run_address>
         <size>0x3</size>
         <input_file_ref idref="fl-1a"/>
      </object_component>
      <object_component id="oc-1b5">
         <name>.text:_PLL_getLockStatus</name>
         <load_address>0x3f6ea8</load_address>
         <run_address>0x3f6ea8</run_address>
         <size>0x3</size>
         <input_file_ref idref="fl-1a"/>
      </object_component>
      <object_component id="oc-1c8">
         <name>.text:_PWM_disableCounterLoad</name>
         <load_address>0x3f6eab</load_address>
         <run_address>0x3f6eab</run_address>
         <size>0x3</size>
         <input_file_ref idref="fl-1b"/>
      </object_component>
      <object_component id="oc-193">
         <name>.text:_SCI_disableParity</name>
         <load_address>0x3f6eae</load_address>
         <run_address>0x3f6eae</run_address>
         <size>0x3</size>
         <input_file_ref idref="fl-1c"/>
      </object_component>
      <object_component id="oc-19b">
         <name>.text:_SCI_enable</name>
         <load_address>0x3f6eb1</load_address>
         <run_address>0x3f6eb1</run_address>
         <size>0x3</size>
         <input_file_ref idref="fl-1c"/>
      </object_component>
      <object_component id="oc-19a">
         <name>.text:_SCI_enableRx</name>
         <load_address>0x3f6eb4</load_address>
         <run_address>0x3f6eb4</run_address>
         <size>0x3</size>
         <input_file_ref idref="fl-1c"/>
      </object_component>
      <object_component id="oc-196">
         <name>.text:_SCI_enableRxInt</name>
         <load_address>0x3f6eb7</load_address>
         <run_address>0x3f6eb7</run_address>
         <size>0x3</size>
         <input_file_ref idref="fl-1c"/>
      </object_component>
      <object_component id="oc-199">
         <name>.text:_SCI_enableTx</name>
         <load_address>0x3f6eba</load_address>
         <run_address>0x3f6eba</run_address>
         <size>0x3</size>
         <input_file_ref idref="fl-1c"/>
      </object_component>
      <object_component id="oc-198">
         <name>.text:_SCI_setPriority</name>
         <load_address>0x3f6ebd</load_address>
         <run_address>0x3f6ebd</run_address>
         <size>0x3</size>
         <input_file_ref idref="fl-1c"/>
      </object_component>
      <object_component id="oc-171">
         <name>.text:_TIMER_reload</name>
         <load_address>0x3f6ec0</load_address>
         <run_address>0x3f6ec0</run_address>
         <size>0x3</size>
         <input_file_ref idref="fl-1d"/>
      </object_component>
      <object_component id="oc-173">
         <name>.text:_TIMER_start</name>
         <load_address>0x3f6ec3</load_address>
         <run_address>0x3f6ec3</run_address>
         <size>0x3</size>
         <input_file_ref idref="fl-1d"/>
      </object_component>
      <object_component id="oc-16e">
         <name>.text:_TIMER_stop</name>
         <load_address>0x3f6ec6</load_address>
         <run_address>0x3f6ec6</run_address>
         <size>0x3</size>
         <input_file_ref idref="fl-1d"/>
      </object_component>
      <object_component id="oc-1ca">
         <name>.text:_PWM_setCount</name>
         <load_address>0x3f6ec9</load_address>
         <run_address>0x3f6ec9</run_address>
         <size>0x2</size>
         <input_file_ref idref="fl-1b"/>
      </object_component>
      <object_component id="oc-1c7">
         <name>.text:_PWM_setPeriod</name>
         <load_address>0x3f6ecb</load_address>
         <run_address>0x3f6ecb</run_address>
         <size>0x2</size>
         <input_file_ref idref="fl-1b"/>
      </object_component>
      <object_component id="oc-1c9">
         <name>.text:_PWM_setPhase</name>
         <load_address>0x3f6ecd</load_address>
         <run_address>0x3f6ecd</run_address>
         <size>0x2</size>
         <input_file_ref idref="fl-1b"/>
      </object_component>
      <object_component id="oc-16f">
         <name>.text:_TIMER_setPeriod</name>
         <load_address>0x3f6ecf</load_address>
         <run_address>0x3f6ecf</run_address>
         <size>0x2</size>
         <input_file_ref idref="fl-1d"/>
      </object_component>
      <object_component id="oc-162">
         <name>.text</name>
         <load_address>0x3f6ed1</load_address>
         <run_address>0x3f6ed1</run_address>
         <size>0x2</size>
         <input_file_ref idref="fl-32"/>
      </object_component>
      <object_component id="oc-164">
         <name>.text</name>
         <load_address>0x3f6ed3</load_address>
         <run_address>0x3f6ed3</run_address>
         <size>0x1</size>
         <input_file_ref idref="fl-33"/>
      </object_component>
      <object_component id="oc-1a7">
         <name>ramfuncs:_FLASH_setup</name>
         <load_address>0x3f614d</load_address>
         <run_address>0x8000</run_address>
         <size>0x16</size>
         <input_file_ref idref="fl-16"/>
      </object_component>
      <object_component id="oc-1b7">
         <name>ramfuncs:_FLASH_setNumPagedReadWaitStates</name>
         <load_address>0x3f6163</load_address>
         <run_address>0x8016</run_address>
         <size>0x7</size>
         <input_file_ref idref="fl-16"/>
      </object_component>
      <object_component id="oc-1b8">
         <name>ramfuncs:_FLASH_setNumRandomReadWaitStates</name>
         <load_address>0x3f616a</load_address>
         <run_address>0x801d</run_address>
         <size>0x7</size>
         <input_file_ref idref="fl-16"/>
      </object_component>
      <object_component id="oc-1b9">
         <name>ramfuncs:_FLASH_setOtpWaitStates</name>
         <load_address>0x3f6171</load_address>
         <run_address>0x8024</run_address>
         <size>0x7</size>
         <input_file_ref idref="fl-16"/>
      </object_component>
      <object_component id="oc-1b6">
         <name>ramfuncs:_FLASH_enablePipelineMode</name>
         <load_address>0x3f6178</load_address>
         <run_address>0x802b</run_address>
         <size>0x6</size>
         <input_file_ref idref="fl-16"/>
      </object_component>
      <object_component id="oc-1bb">
         <name>ramfuncs:_FLASH_setActiveWaitCount</name>
         <load_address>0x3f617e</load_address>
         <run_address>0x8031</run_address>
         <size>0x5</size>
         <input_file_ref idref="fl-16"/>
      </object_component>
      <object_component id="oc-1ba">
         <name>ramfuncs:_FLASH_setStandbyWaitCount</name>
         <load_address>0x3f6183</load_address>
         <run_address>0x8036</run_address>
         <size>0x5</size>
         <input_file_ref idref="fl-16"/>
      </object_component>
      <object_component id="oc-112">
         <name>.stack</name>
         <uninitialized>true</uninitialized>
         <run_address>0x50</run_address>
         <size>0x0</size>
         <input_file_ref idref="fl-26"/>
      </object_component>
      <object_component id="oc-21a">
         <name>.stack</name>
         <uninitialized>true</uninitialized>
         <run_address>0x50</run_address>
         <size>0x0</size>
      </object_component>
      <object_component id="oc-50">
         <name>.ebss</name>
         <uninitialized>true</uninitialized>
         <run_address>0x8800</run_address>
         <size>0x16</size>
         <input_file_ref idref="fl-6"/>
      </object_component>
      <object_component id="oc-5d">
         <name>.ebss</name>
         <uninitialized>true</uninitialized>
         <run_address>0x8816</run_address>
         <size>0x6</size>
         <input_file_ref idref="fl-8"/>
      </object_component>
      <object_component id="oc-69">
         <name>.ebss</name>
         <uninitialized>true</uninitialized>
         <run_address>0x8822</run_address>
         <size>0x6</size>
         <input_file_ref idref="fl-a"/>
      </object_component>
      <object_component id="oc-a2">
         <name>.ebss</name>
         <uninitialized>true</uninitialized>
         <run_address>0x882c</run_address>
         <size>0x1</size>
         <input_file_ref idref="fl-15"/>
      </object_component>
      <object_component id="oc-126">
         <name>.ebss</name>
         <uninitialized>true</uninitialized>
         <run_address>0x881c</run_address>
         <size>0x6</size>
         <input_file_ref idref="fl-2a"/>
      </object_component>
      <object_component id="oc-1d6">
         <name>.ebss:__unlock</name>
         <uninitialized>true</uninitialized>
         <run_address>0x882a</run_address>
         <size>0x2</size>
         <input_file_ref idref="fl-34"/>
      </object_component>
      <object_component id="oc-16b">
         <name>.ebss:__lock</name>
         <uninitialized>true</uninitialized>
         <run_address>0x8828</run_address>
         <size>0x2</size>
         <input_file_ref idref="fl-34"/>
      </object_component>
      <object_component id="oc-1d7">
         <name>.econst:.string:__ctypes_</name>
         <load_address>0x3f6000</load_address>
         <run_address>0x3f6000</run_address>
         <size>0x101</size>
         <input_file_ref idref="fl-29"/>
      </object_component>
      <object_component id="oc-3a">
         <name>.econst:.string</name>
         <load_address>0x3f6102</load_address>
         <run_address>0x3f6102</run_address>
         <size>0x31</size>
         <input_file_ref idref="fl-2"/>
      </object_component>
      <object_component id="oc-57">
         <name>.econst:.string</name>
         <load_address>0x3f6134</load_address>
         <run_address>0x3f6134</run_address>
         <size>0xc</size>
         <input_file_ref idref="fl-7"/>
      </object_component>
      <object_component id="oc-51">
         <name>.econst:.string</name>
         <load_address>0x3f6140</load_address>
         <run_address>0x3f6140</run_address>
         <size>0x8</size>
         <input_file_ref idref="fl-6"/>
      </object_component>
      <object_component id="oc-1d8">
         <name>.econst:_$P$T0$1</name>
         <load_address>0x3f6148</load_address>
         <run_address>0x3f6148</run_address>
         <size>0x5</size>
         <input_file_ref idref="fl-7"/>
      </object_component>
      <object_component id="oc-113">
         <name>.reset</name>
         <load_address>0x3fffc0</load_address>
         <run_address>0x3fffc0</run_address>
         <size>0x2</size>
         <input_file_ref idref="fl-26"/>
      </object_component>
      <object_component id="oc-95">
         <name>PieVectTableFile</name>
         <uninitialized>true</uninitialized>
         <run_address>0xd00</run_address>
         <size>0x100</size>
         <input_file_ref idref="fl-12"/>
      </object_component>
      <object_component id="oc-75">
         <name>EmuKeyVar</name>
         <uninitialized>true</uninitialized>
         <run_address>0xd00</run_address>
         <size>0x1</size>
         <input_file_ref idref="fl-12"/>
      </object_component>
      <object_component id="oc-77">
         <name>EmuBModeVar</name>
         <uninitialized>true</uninitialized>
         <run_address>0xd01</run_address>
         <size>0x1</size>
         <input_file_ref idref="fl-12"/>
      </object_component>
      <object_component id="oc-79">
         <name>FlashCallbackVar</name>
         <uninitialized>true</uninitialized>
         <run_address>0xd02</run_address>
         <size>0x2</size>
         <input_file_ref idref="fl-12"/>
      </object_component>
      <object_component id="oc-78">
         <name>FlashScalingVar</name>
         <uninitialized>true</uninitialized>
         <run_address>0xd04</run_address>
         <size>0x2</size>
         <input_file_ref idref="fl-12"/>
      </object_component>
      <object_component id="oc-7b">
         <name>DevEmuRegsFile</name>
         <uninitialized>true</uninitialized>
         <run_address>0x880</run_address>
         <size>0x4</size>
         <input_file_ref idref="fl-12"/>
      </object_component>
      <object_component id="oc-7a">
         <name>SysPwrCtrlRegsFile</name>
         <uninitialized>true</uninitialized>
         <run_address>0x985</run_address>
         <size>0x3</size>
         <input_file_ref idref="fl-12"/>
      </object_component>
      <object_component id="oc-7c">
         <name>FlashRegsFile</name>
         <uninitialized>true</uninitialized>
         <run_address>0xa80</run_address>
         <size>0x8</size>
         <input_file_ref idref="fl-12"/>
      </object_component>
      <object_component id="oc-85">
         <name>CsmRegsFile</name>
         <uninitialized>true</uninitialized>
         <run_address>0xae0</run_address>
         <size>0x10</size>
         <input_file_ref idref="fl-12"/>
      </object_component>
      <object_component id="oc-8d">
         <name>AdcResultFile</name>
         <uninitialized>true</uninitialized>
         <run_address>0xb00</run_address>
         <size>0x20</size>
         <input_file_ref idref="fl-12"/>
      </object_component>
      <object_component id="oc-7d">
         <name>CpuTimer0RegsFile</name>
         <uninitialized>true</uninitialized>
         <run_address>0xc00</run_address>
         <size>0x8</size>
         <input_file_ref idref="fl-12"/>
      </object_component>
      <object_component id="oc-7e">
         <name>CpuTimer1RegsFile</name>
         <uninitialized>true</uninitialized>
         <run_address>0xc08</run_address>
         <size>0x8</size>
         <input_file_ref idref="fl-12"/>
      </object_component>
      <object_component id="oc-7f">
         <name>CpuTimer2RegsFile</name>
         <uninitialized>true</uninitialized>
         <run_address>0xc10</run_address>
         <size>0x8</size>
         <input_file_ref idref="fl-12"/>
      </object_component>
      <object_component id="oc-89">
         <name>PieCtrlRegsFile</name>
         <uninitialized>true</uninitialized>
         <run_address>0xce0</run_address>
         <size>0x1a</size>
         <input_file_ref idref="fl-12"/>
      </object_component>
      <object_component id="oc-8c">
         <name>ECap1RegsFile</name>
         <uninitialized>true</uninitialized>
         <run_address>0x6a00</run_address>
         <size>0x20</size>
         <input_file_ref idref="fl-12"/>
      </object_component>
      <object_component id="oc-93">
         <name>GpioCtrlRegsFile</name>
         <uninitialized>true</uninitialized>
         <run_address>0x6f80</run_address>
         <size>0x40</size>
         <input_file_ref idref="fl-12"/>
      </object_component>
      <object_component id="oc-8b">
         <name>GpioDataRegsFile</name>
         <uninitialized>true</uninitialized>
         <run_address>0x6fc0</run_address>
         <size>0x20</size>
         <input_file_ref idref="fl-12"/>
      </object_component>
      <object_component id="oc-81">
         <name>GpioIntRegsFile</name>
         <uninitialized>true</uninitialized>
         <run_address>0x6fe0</run_address>
         <size>0xa</size>
         <input_file_ref idref="fl-12"/>
      </object_component>
      <object_component id="oc-8a">
         <name>SysCtrlRegsFile</name>
         <uninitialized>true</uninitialized>
         <run_address>0x7010</run_address>
         <size>0x1f</size>
         <input_file_ref idref="fl-12"/>
      </object_component>
      <object_component id="oc-82">
         <name>SpiaRegsFile</name>
         <uninitialized>true</uninitialized>
         <run_address>0x7040</run_address>
         <size>0x10</size>
         <input_file_ref idref="fl-12"/>
      </object_component>
      <object_component id="oc-83">
         <name>SciaRegsFile</name>
         <uninitialized>true</uninitialized>
         <run_address>0x7050</run_address>
         <size>0x10</size>
         <input_file_ref idref="fl-12"/>
      </object_component>
      <object_component id="oc-84">
         <name>NmiIntruptRegsFile</name>
         <uninitialized>true</uninitialized>
         <run_address>0x7060</run_address>
         <size>0x10</size>
         <input_file_ref idref="fl-12"/>
      </object_component>
      <object_component id="oc-86">
         <name>XIntruptRegsFile</name>
         <uninitialized>true</uninitialized>
         <run_address>0x7070</run_address>
         <size>0x10</size>
         <input_file_ref idref="fl-12"/>
      </object_component>
      <object_component id="oc-94">
         <name>AdcRegsFile</name>
         <uninitialized>true</uninitialized>
         <run_address>0x7100</run_address>
         <size>0x51</size>
         <input_file_ref idref="fl-12"/>
      </object_component>
      <object_component id="oc-8e">
         <name>I2caRegsFile</name>
         <uninitialized>true</uninitialized>
         <run_address>0x7900</run_address>
         <size>0x22</size>
         <input_file_ref idref="fl-12"/>
      </object_component>
      <object_component id="oc-88">
         <name>Comp1RegsFile</name>
         <uninitialized>true</uninitialized>
         <run_address>0x6400</run_address>
         <size>0x11</size>
         <input_file_ref idref="fl-12"/>
      </object_component>
      <object_component id="oc-87">
         <name>Comp2RegsFile</name>
         <uninitialized>true</uninitialized>
         <run_address>0x6420</run_address>
         <size>0x11</size>
         <input_file_ref idref="fl-12"/>
      </object_component>
      <object_component id="oc-92">
         <name>EPwm1RegsFile</name>
         <uninitialized>true</uninitialized>
         <run_address>0x6800</run_address>
         <size>0x40</size>
         <input_file_ref idref="fl-12"/>
      </object_component>
      <object_component id="oc-90">
         <name>EPwm2RegsFile</name>
         <uninitialized>true</uninitialized>
         <run_address>0x6840</run_address>
         <size>0x40</size>
         <input_file_ref idref="fl-12"/>
      </object_component>
      <object_component id="oc-8f">
         <name>EPwm3RegsFile</name>
         <uninitialized>true</uninitialized>
         <run_address>0x6880</run_address>
         <size>0x40</size>
         <input_file_ref idref="fl-12"/>
      </object_component>
      <object_component id="oc-91">
         <name>EPwm4RegsFile</name>
         <uninitialized>true</uninitialized>
         <run_address>0x68c0</run_address>
         <size>0x40</size>
         <input_file_ref idref="fl-12"/>
      </object_component>
      <object_component id="oc-80">
         <name>CsmPwlFile</name>
         <uninitialized>true</uninitialized>
         <run_address>0x3f7ff8</run_address>
         <size>0x8</size>
         <input_file_ref idref="fl-12"/>
      </object_component>
      <object_component id="oc-76">
         <name>PartIdRegsFile</name>
         <uninitialized>true</uninitialized>
         <run_address>0x3d7fff</run_address>
         <size>0x1</size>
         <input_file_ref idref="fl-12"/>
      </object_component>
      <object_component id="oc-39">
         <name>.debug_info</name>
         <load_address>0x0</load_address>
         <run_address>0x0</run_address>
         <size>0x72b</size>
         <input_file_ref idref="fl-2"/>
      </object_component>
      <object_component id="oc-3f">
         <name>.debug_info</name>
         <load_address>0x72b</load_address>
         <run_address>0x72b</run_address>
         <size>0x394</size>
         <input_file_ref idref="fl-3"/>
      </object_component>
      <object_component id="oc-44">
         <name>.debug_info</name>
         <load_address>0xabf</load_address>
         <run_address>0xabf</run_address>
         <size>0x1e6a</size>
         <input_file_ref idref="fl-4"/>
      </object_component>
      <object_component id="oc-49">
         <name>.debug_info</name>
         <load_address>0x2929</load_address>
         <run_address>0x2929</run_address>
         <size>0x10cb</size>
         <input_file_ref idref="fl-5"/>
      </object_component>
      <object_component id="oc-4e">
         <name>.debug_info</name>
         <load_address>0x39f4</load_address>
         <run_address>0x39f4</run_address>
         <size>0xee6</size>
         <input_file_ref idref="fl-6"/>
      </object_component>
      <object_component id="oc-56">
         <name>.debug_info</name>
         <load_address>0x48da</load_address>
         <run_address>0x48da</run_address>
         <size>0x66b</size>
         <input_file_ref idref="fl-7"/>
      </object_component>
      <object_component id="oc-5c">
         <name>.debug_info</name>
         <load_address>0x4f45</load_address>
         <run_address>0x4f45</run_address>
         <size>0x3aac</size>
         <input_file_ref idref="fl-8"/>
      </object_component>
      <object_component id="oc-63">
         <name>.debug_info</name>
         <load_address>0x89f1</load_address>
         <run_address>0x89f1</run_address>
         <size>0x22d8</size>
         <input_file_ref idref="fl-9"/>
      </object_component>
      <object_component id="oc-68">
         <name>.debug_info</name>
         <load_address>0xacc9</load_address>
         <run_address>0xacc9</run_address>
         <size>0x3625</size>
         <input_file_ref idref="fl-a"/>
      </object_component>
      <object_component id="oc-6f">
         <name>.debug_info</name>
         <load_address>0xe2ee</load_address>
         <run_address>0xe2ee</run_address>
         <size>0xcf3</size>
         <input_file_ref idref="fl-b"/>
      </object_component>
      <object_component id="oc-74">
         <name>.debug_info</name>
         <load_address>0xefe1</load_address>
         <run_address>0xefe1</run_address>
         <size>0xb0d8</size>
         <input_file_ref idref="fl-12"/>
      </object_component>
      <object_component id="oc-97">
         <name>.debug_info</name>
         <load_address>0x1a0b9</load_address>
         <run_address>0x1a0b9</run_address>
         <size>0x2a68</size>
         <input_file_ref idref="fl-13"/>
      </object_component>
      <object_component id="oc-9c">
         <name>.debug_info</name>
         <load_address>0x1cb21</load_address>
         <run_address>0x1cb21</run_address>
         <size>0x11e4</size>
         <input_file_ref idref="fl-14"/>
      </object_component>
      <object_component id="oc-a1">
         <name>.debug_info</name>
         <load_address>0x1dd05</load_address>
         <run_address>0x1dd05</run_address>
         <size>0x98e</size>
         <input_file_ref idref="fl-15"/>
      </object_component>
      <object_component id="oc-a7">
         <name>.debug_info</name>
         <load_address>0x1e693</load_address>
         <run_address>0x1e693</run_address>
         <size>0x15bb</size>
         <input_file_ref idref="fl-16"/>
      </object_component>
      <object_component id="oc-ac">
         <name>.debug_info</name>
         <load_address>0x1fc4e</load_address>
         <run_address>0x1fc4e</run_address>
         <size>0x1e4e</size>
         <input_file_ref idref="fl-17"/>
      </object_component>
      <object_component id="oc-b1">
         <name>.debug_info</name>
         <load_address>0x21a9c</load_address>
         <run_address>0x21a9c</run_address>
         <size>0xa3b</size>
         <input_file_ref idref="fl-18"/>
      </object_component>
      <object_component id="oc-b6">
         <name>.debug_info</name>
         <load_address>0x224d7</load_address>
         <run_address>0x224d7</run_address>
         <size>0x2cb4</size>
         <input_file_ref idref="fl-19"/>
      </object_component>
      <object_component id="oc-bc">
         <name>.debug_info</name>
         <load_address>0x2518b</load_address>
         <run_address>0x2518b</run_address>
         <size>0xd6c</size>
         <input_file_ref idref="fl-1a"/>
      </object_component>
      <object_component id="oc-c1">
         <name>.debug_info</name>
         <load_address>0x25ef7</load_address>
         <run_address>0x25ef7</run_address>
         <size>0x3704</size>
         <input_file_ref idref="fl-1b"/>
      </object_component>
      <object_component id="oc-c6">
         <name>.debug_info</name>
         <load_address>0x295fb</load_address>
         <run_address>0x295fb</run_address>
         <size>0x151a</size>
         <input_file_ref idref="fl-1c"/>
      </object_component>
      <object_component id="oc-cb">
         <name>.debug_info</name>
         <load_address>0x2ab15</load_address>
         <run_address>0x2ab15</run_address>
         <size>0xc59</size>
         <input_file_ref idref="fl-1d"/>
      </object_component>
      <object_component id="oc-d0">
         <name>.debug_info</name>
         <load_address>0x2b76e</load_address>
         <run_address>0x2b76e</run_address>
         <size>0x7a9</size>
         <input_file_ref idref="fl-1e"/>
      </object_component>
      <object_component id="oc-d5">
         <name>.debug_info</name>
         <load_address>0x2bf17</load_address>
         <run_address>0x2bf17</run_address>
         <size>0x2d3e</size>
         <input_file_ref idref="fl-1f"/>
      </object_component>
      <object_component id="oc-10d">
         <name>.debug_info</name>
         <load_address>0x2ec55</load_address>
         <run_address>0x2ec55</run_address>
         <size>0x3a3</size>
         <input_file_ref idref="fl-25"/>
      </object_component>
      <object_component id="oc-114">
         <name>.debug_info</name>
         <load_address>0x2eff8</load_address>
         <run_address>0x2eff8</run_address>
         <size>0x16c</size>
         <input_file_ref idref="fl-26"/>
      </object_component>
      <object_component id="oc-118">
         <name>.debug_info</name>
         <load_address>0x2f164</load_address>
         <run_address>0x2f164</run_address>
         <size>0x576</size>
         <input_file_ref idref="fl-27"/>
      </object_component>
      <object_component id="oc-11e">
         <name>.debug_info</name>
         <load_address>0x2f6da</load_address>
         <run_address>0x2f6da</run_address>
         <size>0x113</size>
         <input_file_ref idref="fl-28"/>
      </object_component>
      <object_component id="oc-122">
         <name>.debug_info</name>
         <load_address>0x2f7ed</load_address>
         <run_address>0x2f7ed</run_address>
         <size>0x1dd</size>
         <input_file_ref idref="fl-29"/>
      </object_component>
      <object_component id="oc-124">
         <name>.debug_info</name>
         <load_address>0x2f9ca</load_address>
         <run_address>0x2f9ca</run_address>
         <size>0x4fa</size>
         <input_file_ref idref="fl-2a"/>
      </object_component>
      <object_component id="oc-12c">
         <name>.debug_info</name>
         <load_address>0x2fec4</load_address>
         <run_address>0x2fec4</run_address>
         <size>0x10d</size>
         <input_file_ref idref="fl-2b"/>
      </object_component>
      <object_component id="oc-131">
         <name>.debug_info</name>
         <load_address>0x2ffd1</load_address>
         <run_address>0x2ffd1</run_address>
         <size>0x10d</size>
         <input_file_ref idref="fl-2c"/>
      </object_component>
      <object_component id="oc-136">
         <name>.debug_info</name>
         <load_address>0x300de</load_address>
         <run_address>0x300de</run_address>
         <size>0x119</size>
         <input_file_ref idref="fl-2d"/>
      </object_component>
      <object_component id="oc-13b">
         <name>.debug_info</name>
         <load_address>0x301f7</load_address>
         <run_address>0x301f7</run_address>
         <size>0x117</size>
         <input_file_ref idref="fl-2e"/>
      </object_component>
      <object_component id="oc-140">
         <name>.debug_info</name>
         <load_address>0x3030e</load_address>
         <run_address>0x3030e</run_address>
         <size>0x19e</size>
         <input_file_ref idref="fl-2f"/>
      </object_component>
      <object_component id="oc-144">
         <name>.debug_info</name>
         <load_address>0x304ac</load_address>
         <run_address>0x304ac</run_address>
         <size>0x43d</size>
         <input_file_ref idref="fl-30"/>
      </object_component>
      <object_component id="oc-149">
         <name>.debug_info</name>
         <load_address>0x308e9</load_address>
         <run_address>0x308e9</run_address>
         <size>0x3be</size>
         <input_file_ref idref="fl-31"/>
      </object_component>
      <object_component id="oc-14e">
         <name>.debug_info</name>
         <load_address>0x30ca7</load_address>
         <run_address>0x30ca7</run_address>
         <size>0x331</size>
         <input_file_ref idref="fl-32"/>
      </object_component>
      <object_component id="oc-153">
         <name>.debug_info</name>
         <load_address>0x30fd8</load_address>
         <run_address>0x30fd8</run_address>
         <size>0x32e</size>
         <input_file_ref idref="fl-33"/>
      </object_component>
      <object_component id="oc-158">
         <name>.debug_info</name>
         <load_address>0x31306</load_address>
         <run_address>0x31306</run_address>
         <size>0x450</size>
         <input_file_ref idref="fl-34"/>
      </object_component>
      <object_component id="oc-15d">
         <name>.debug_info</name>
         <load_address>0x31756</load_address>
         <run_address>0x31756</run_address>
         <size>0x41d</size>
         <input_file_ref idref="fl-35"/>
      </object_component>
      <object_component id="oc-21c">
         <name>.debug_info</name>
         <load_address>0x31b73</load_address>
         <run_address>0x31b73</run_address>
         <size>0x9e</size>
      </object_component>
      <object_component id="oc-3b">
         <name>.debug_frame</name>
         <load_address>0x0</load_address>
         <run_address>0x0</run_address>
         <size>0x99</size>
         <input_file_ref idref="fl-2"/>
      </object_component>
      <object_component id="oc-40">
         <name>.debug_frame</name>
         <load_address>0x99</load_address>
         <run_address>0x99</run_address>
         <size>0x7d</size>
         <input_file_ref idref="fl-3"/>
      </object_component>
      <object_component id="oc-45">
         <name>.debug_frame</name>
         <load_address>0x116</load_address>
         <run_address>0x116</run_address>
         <size>0x104</size>
         <input_file_ref idref="fl-4"/>
      </object_component>
      <object_component id="oc-4a">
         <name>.debug_frame</name>
[...]
         <name>_PLL_init</name>
         <value>0x3f6ce6</value>
         <object_component_ref idref="oc-1a0"/>
      </symbol>
      <symbol id="sm-311">
         <name>_PLL_getLockStatus</name>
         <value>0x3f6ea8</value>
         <object_component_ref idref="oc-1b5"/>
      </symbol>
      <symbol id="sm-312">
         <name>_PLL_setup</name>
         <value>0x3f6b46</value>
         <object_component_ref idref="oc-1a6"/>
      </symbol>
      <symbol id="sm-313">
         <name>_PLL_setMultiplier</name>
         <value>0x3f6d4e</value>
         <object_component_ref idref="oc-1b4"/>
      </symbol>
      <symbol id="sm-340">
         <name>_PWM_setPeriod</name>
         <value>0x3f6ecb</value>
         <object_component_ref idref="oc-1c7"/>
      </symbol>
      <symbol id="sm-341">
         <name>_PWM_setHighSpeedClkDiv</name>
         <value>0x3f6e86</value>
         <object_component_ref idref="oc-1cb"/>
      </symbol>
      <symbol id="sm-342">
         <name>_PWM_init</name>
         <value>0x3f6cee</value>
         <object_component_ref idref="oc-1c4"/>
      </symbol>
      <symbol id="sm-343">
         <name>_PWM_setShadowMode_CmpA</name>
         <value>0x3f6d5a</value>
         <object_component_ref idref="oc-1cd"/>
      </symbol>
      <symbol id="sm-344">
         <name>_PWM_setShadowMode_CmpB</name>
         <value>0x3f6d60</value>
         <object_component_ref idref="oc-1ce"/>
      </symbol>
      <symbol id="sm-345">
         <name>_PWM_setActionQual_Zero_PwmB</name>
         <value>0x3f6d47</value>
         <object_component_ref idref="oc-1d2"/>
      </symbol>
      <symbol id="sm-346">
         <name>_PWM_setActionQual_Zero_PwmA</name>
         <value>0x3f6d40</value>
         <object_component_ref idref="oc-1d1"/>
      </symbol>
      <symbol id="sm-347">
         <name>_PWM_setPhase</name>
         <value>0x3f6ecd</value>
         <object_component_ref idref="oc-1c9"/>
      </symbol>
      <symbol id="sm-348">
         <name>_PWM_setLoadMode_CmpB</name>
         <value>0x3f6d54</value>
         <object_component_ref idref="oc-1d0"/>
      </symbol>
      <symbol id="sm-349">
         <name>_PWM_setLoadMode_CmpA</name>
         <value>0x3f6e8a</value>
         <object_component_ref idref="oc-1cf"/>
      </symbol>
      <symbol id="sm-34a">
         <name>_PWM_disableCounterLoad</name>
         <value>0x3f6eab</value>
         <object_component_ref idref="oc-1c8"/>
      </symbol>
      <symbol id="sm-34b">
         <name>_PWM_setActionQual_CntUp_CmpA_PwmA</name>
         <value>0x3f6ca2</value>
         <object_component_ref idref="oc-1d3"/>
      </symbol>
      <symbol id="sm-34c">
         <name>_PWM_setActionQual_CntUp_CmpB_PwmB</name>
         <value>0x3f6cab</value>
         <object_component_ref idref="oc-1d4"/>
      </symbol>
      <symbol id="sm-34d">
         <name>_PWM_setClkDiv</name>
         <value>0x3f6e7e</value>
         <object_component_ref idref="oc-1cc"/>
      </symbol>
      <symbol id="sm-34e">
         <name>_PWM_setCounterMode</name>
         <value>0x3f6e82</value>
         <object_component_ref idref="oc-1c6"/>
      </symbol>
      <symbol id="sm-34f">
         <name>_PWM_setCount</name>
         <value>0x3f6ec9</value>
         <object_component_ref idref="oc-1ca"/>
      </symbol>
      <symbol id="sm-373">
         <name>_SCI_setNumStopBits</name>
         <value>0x3f6e92</value>
         <object_component_ref idref="oc-194"/>
      </symbol>
      <symbol id="sm-374">
         <name>_SCI_putDataBlocking</name>
         <value>0x3f6cb4</value>
         <object_component_ref idref="oc-19c"/>
      </symbol>
      <symbol id="sm-375">
         <name>_SCI_init</name>
         <value>0x3f6cf6</value>
         <object_component_ref idref="oc-19d"/>
      </symbol>
      <symbol id="sm-376">
         <name>_SCI_disableParity</name>
         <value>0x3f6eae</value>
         <object_component_ref idref="oc-193"/>
      </symbol>
      <symbol id="sm-377">
         <name>_SCI_enable</name>
         <value>0x3f6eb1</value>
         <object_component_ref idref="oc-19b"/>
      </symbol>
      <symbol id="sm-378">
         <name>_SCI_enableRxInt</name>
         <value>0x3f6eb7</value>
         <object_component_ref idref="oc-196"/>
      </symbol>
      <symbol id="sm-379">
         <name>_SCI_setBaudRate</name>
         <value>0x3f6d66</value>
         <object_component_ref idref="oc-197"/>
      </symbol>
      <symbol id="sm-37a">
         <name>_SCI_enableRx</name>
         <value>0x3f6eb4</value>
         <object_component_ref idref="oc-19a"/>
      </symbol>
      <symbol id="sm-37b">
         <name>_SCI_enableTx</name>
         <value>0x3f6eba</value>
         <object_component_ref idref="oc-199"/>
      </symbol>
      <symbol id="sm-37c">
         <name>_SCI_setPriority</name>
         <value>0x3f6ebd</value>
         <object_component_ref idref="oc-198"/>
      </symbol>
      <symbol id="sm-37d">
         <name>_SCI_setCharLength</name>
         <value>0x3f6e8e</value>
         <object_component_ref idref="oc-195"/>
      </symbol>
      <symbol id="sm-398">
         <name>_TIMER_setEmulationMode</name>
         <value>0x3f6d6c</value>
         <object_component_ref idref="oc-172"/>
      </symbol>
      <symbol id="sm-399">
         <name>_TIMER_start</name>
         <value>0x3f6ec3</value>
         <object_component_ref idref="oc-173"/>
      </symbol>
      <symbol id="sm-39a">
         <name>_TIMER_setPreScaler</name>
         <value>0x3f6b97</value>
         <object_component_ref idref="oc-170"/>
      </symbol>
      <symbol id="sm-39b">
         <name>_TIMER_setPeriod</name>
         <value>0x3f6ecf</value>
         <object_component_ref idref="oc-16f"/>
      </symbol>
      <symbol id="sm-39c">
         <name>_TIMER_init</name>
         <value>0x3f6cfe</value>
         <object_component_ref idref="oc-16d"/>
      </symbol>
      <symbol id="sm-39d">
         <name>_TIMER_reload</name>
         <value>0x3f6ec0</value>
         <object_component_ref idref="oc-171"/>
      </symbol>
      <symbol id="sm-39e">
         <name>_TIMER_stop</name>
         <value>0x3f6ec6</value>
         <object_component_ref idref="oc-16e"/>
      </symbol>
      <symbol id="sm-3af">
         <name>_WDOG_init</name>
         <value>0x3f6d0e</value>
         <object_component_ref idref="oc-1a1"/>
      </symbol>
      <symbol id="sm-3b0">
         <name>_WDOG_disable</name>
         <value>0x3f6d06</value>
         <object_component_ref idref="oc-1a3"/>
      </symbol>
      <symbol id="sm-453">
         <name>_ILLEGAL_ISR</name>
         <value>0x3f6de5</value>
         <object_component_ref idref="oc-dc"/>
      </symbol>
      <symbol id="sm-454">
         <name>_ADCINT4_ISR</name>
         <value>0x3f6d81</value>
         <object_component_ref idref="oc-100"/>
      </symbol>
      <symbol id="sm-455">
         <name>_DATALOG_ISR</name>
         <value>0x3f6d9f</value>
         <object_component_ref idref="oc-d8"/>
      </symbol>
      <symbol id="sm-456">
         <name>_SPITXINTA_ISR</name>
         <value>0x3f6e17</value>
         <object_component_ref idref="oc-fa"/>
      </symbol>
      <symbol id="sm-457">
         <name>_SPIRXINTA_ISR</name>
         <value>0x3f6e12</value>
         <object_component_ref idref="oc-f9"/>
      </symbol>
      <symbol id="sm-458">
         <name>_INT13_ISR</name>
         <value>0x3f6dea</value>
         <object_component_ref idref="oc-d6"/>
      </symbol>
      <symbol id="sm-459">
         <name>_ADCINT5_ISR</name>
         <value>0x3f6d86</value>
         <object_component_ref idref="oc-101"/>
      </symbol>
      <symbol id="sm-45a">
         <name>_EPWM4_INT_ISR</name>
         <value>0x3f6dd1</value>
         <object_component_ref idref="oc-f7"/>
      </symbol>
      <symbol id="sm-45b">
         <name>_USER5_ISR</name>
         <value>0x3f6e44</value>
         <object_component_ref idref="oc-e1"/>
      </symbol>
      <symbol id="sm-45c">
         <name>_EMPTY_ISR</name>
         <value>0x3f6da9</value>
         <object_component_ref idref="oc-106"/>
      </symbol>
      <symbol id="sm-45d">
         <name>_EPWM4_TZINT_ISR</name>
         <value>0x3f6dd6</value>
         <object_component_ref idref="oc-f3"/>
      </symbol>
      <symbol id="sm-45e">
         <name>_EMUINT_ISR</name>
         <value>0x3f6dae</value>
         <object_component_ref idref="oc-da"/>
      </symbol>
      <symbol id="sm-45f">
         <name>_ECAP1_INT_ISR</name>
         <value>0x3f6da4</value>
         <object_component_ref idref="oc-f8"/>
      </symbol>
      <symbol id="sm-460">
         <name>_EPWM1_TZINT_ISR</name>
         <value>0x3f6db8</value>
         <object_component_ref idref="oc-f0"/>
      </symbol>
      <symbol id="sm-461">
         <name>_ADCINT6_ISR</name>
         <value>0x3f6d8b</value>
         <object_component_ref idref="oc-102"/>
      </symbol>
      <symbol id="sm-462">
         <name>_ADCINT8_ISR</name>
         <value>0x3f6d95</value>
         <object_component_ref idref="oc-104"/>
      </symbol>
      <symbol id="sm-463">
         <name>_USER11_ISR</name>
         <value>0x3f6e26</value>
         <object_component_ref idref="oc-e7"/>
      </symbol>
      <symbol id="sm-464">
         <name>_EPWM3_TZINT_ISR</name>
         <value>0x3f6dcc</value>
         <object_component_ref idref="oc-f2"/>
      </symbol>
      <symbol id="sm-465">
         <name>_USER4_ISR</name>
         <value>0x3f6e3f</value>
         <object_component_ref idref="oc-e0"/>
      </symbol>
      <symbol id="sm-466">
         <name>_EPWM2_TZINT_ISR</name>
         <value>0x3f6dc2</value>
         <object_component_ref idref="oc-f1"/>
      </symbol>
      <symbol id="sm-467">
         <name>_EPWM2_INT_ISR</name>
         <value>0x3f6dbd</value>
         <object_component_ref idref="oc-f5"/>
      </symbol>
      <symbol id="sm-468">
         <name>_TINT0_ISR</name>
         <value>0x3f6e1c</value>
         <object_component_ref idref="oc-ee"/>
      </symbol>
      <symbol id="sm-469">
         <name>_WAKEINT_ISR</name>
         <value>0x3f6e5d</value>
         <object_component_ref idref="oc-ef"/>
      </symbol>
      <symbol id="sm-46a">
         <name>_ADCINT7_ISR</name>
         <value>0x3f6d90</value>
         <object_component_ref idref="oc-103"/>
      </symbol>
      <symbol id="sm-46b">
         <name>_ADCINT9_ISR</name>
         <value>0x3f6d9a</value>
         <object_component_ref idref="oc-ed"/>
      </symbol>
      <symbol id="sm-46c">
         <name>_USER10_ISR</name>
         <value>0x3f6e21</value>
         <object_component_ref idref="oc-e6"/>
      </symbol>
      <symbol id="sm-46d">
         <name>_USER7_ISR</name>
         <value>0x3f6e4e</value>
         <object_component_ref idref="oc-e3"/>
      </symbol>
      <symbol id="sm-46e">
         <name>_XINT1_ISR</name>
         <value>0x3f6e62</value>
         <object_component_ref idref="oc-eb"/>
      </symbol>
      <symbol id="sm-46f">
         <name>_INT14_ISR</name>
         <value>0x3f6def</value>
         <object_component_ref idref="oc-d7"/>
      </symbol>
      <symbol id="sm-470">
         <name>_USER6_ISR</name>
         <value>0x3f6e49</value>
         <object_component_ref idref="oc-e2"/>
      </symbol>
      <symbol id="sm-471">
         <name>_ADCINT1_ISR</name>
         <value>0x3f6d72</value>
         <object_component_ref idref="oc-e9"/>
      </symbol>
      <symbol id="sm-472">
         <name>_USER12_ISR</name>
         <value>0x3f6e2b</value>
         <object_component_ref idref="oc-e8"/>
      </symbol>
      <symbol id="sm-473">
         <name>_USER1_ISR</name>
         <value>0x3f6e30</value>
         <object_component_ref idref="oc-dd"/>
      </symbol>
      <symbol id="sm-474">
         <name>_XINT3_ISR</name>
         <value>0x3f6e6c</value>
         <object_component_ref idref="oc-105"/>
      </symbol>
      <symbol id="sm-475">
         <name>_NMI_ISR</name>
         <value>0x3f6df4</value>
         <object_component_ref idref="oc-db"/>
      </symbol>
      <symbol id="sm-476">
         <name>_ADCINT2_ISR</name>
         <value>0x3f6d77</value>
         <object_component_ref idref="oc-ea"/>
      </symbol>
      <symbol id="sm-477">
         <name>_PIE_RESERVED</name>
         <value>0x3f6df9</value>
         <object_component_ref idref="oc-107"/>
      </symbol>
      <symbol id="sm-478">
         <name>_I2CINT1A_ISR</name>
         <value>0x3f6ddb</value>
         <object_component_ref idref="oc-fb"/>
      </symbol>
      <symbol id="sm-479">
         <name>_XINT2_ISR</name>
         <value>0x3f6e67</value>
         <object_component_ref idref="oc-ec"/>
      </symbol>
      <symbol id="sm-47a">
         <name>_I2CINT2A_ISR</name>
         <value>0x3f6de0</value>
         <object_component_ref idref="oc-fc"/>
      </symbol>
      <symbol id="sm-47b">
         <name>_RTOSINT_ISR</name>
         <value>0x3f6e03</value>
         <object_component_ref idref="oc-d9"/>
      </symbol>
      <symbol id="sm-47c">
         <name>_EPWM3_INT_ISR</name>
         <value>0x3f6dc7</value>
         <object_component_ref idref="oc-f6"/>
      </symbol>
      <symbol id="sm-47d">
         <name>_ADCINT3_ISR</name>
         <value>0x3f6d7c</value>
         <object_component_ref idref="oc-ff"/>
      </symbol>
      <symbol id="sm-47e">
         <name>_USER9_ISR</name>
         <value>0x3f6e58</value>
         <object_component_ref idref="oc-e5"/>
      </symbol>
      <symbol id="sm-47f">
         <name>_USER3_ISR</name>
         <value>0x3f6e3a</value>
         <object_component_ref idref="oc-df"/>
      </symbol>
      <symbol id="sm-480">
         <name>_USER8_ISR</name>
         <value>0x3f6e53</value>
         <object_component_ref idref="oc-e4"/>
      </symbol>
      <symbol id="sm-481">
         <name>_EPWM1_INT_ISR</name>
         <value>0x3f6db3</value>
         <object_component_ref idref="oc-f4"/>
      </symbol>
      <symbol id="sm-482">
         <name>_USER2_ISR</name>
         <value>0x3f6e35</value>
         <object_component_ref idref="oc-de"/>
      </symbol>
      <symbol id="sm-483">
         <name>_SCITXINTA_ISR</name>
         <value>0x3f6e0d</value>
         <object_component_ref idref="oc-fe"/>
      </symbol>
      <symbol id="sm-484">
         <name>_SCIRXINTA_ISR</name>
         <value>0x3f6e08</value>
         <object_component_ref idref="oc-fd"/>
      </symbol>
      <symbol id="sm-485">
         <name>_rsvd_ISR</name>
         <value>0x3f6e71</value>
         <object_component_ref idref="oc-108"/>
      </symbol>
      <symbol id="sm-49a">
         <name>_atoi</name>
         <value>0x3f68dd</value>
         <object_component_ref idref="oc-1bc"/>
      </symbol>
      <symbol id="sm-4b5">
         <name>_c_int00</name>
         <value>0x3f6797</value>
         <object_component_ref idref="oc-38"/>
      </symbol>
      <symbol id="sm-4b6">
         <name>__stack</name>
         <value>0x50</value>
         <object_component_ref idref="oc-112"/>
      </symbol>
      <symbol id="sm-4cc">
         <name>_copy_in</name>
         <value>0x3f6833</value>
         <object_component_ref idref="oc-163"/>
      </symbol>
      <symbol id="sm-4db">
         <name>_ppcopy</name>
         <value>0x3f6ae2</value>
         <object_component_ref idref="oc-11d"/>
      </symbol>
      <symbol id="sm-4dc">
         <name>_dpcopy</name>
         <value>0x3f6ae2</value>
         <object_component_ref idref="oc-11d"/>
      </symbol>
      <symbol id="sm-4dd">
         <name>_pdcopy</name>
         <value>0x3f6ae2</value>
         <object_component_ref idref="oc-11d"/>
      </symbol>
      <symbol id="sm-4de">
         <name>_ddcopy</name>
         <value>0x3f6ae2</value>
         <object_component_ref idref="oc-11d"/>
      </symbol>
      <symbol id="sm-4e7">
         <name>__ctypes_</name>
         <value>0x3f6000</value>
         <object_component_ref idref="oc-1d7"/>
      </symbol>
      <symbol id="sm-4fc">
         <name>C$$EXIT</name>
         <value>0x3f6a0c</value>
         <object_component_ref idref="oc-166"/>
      </symbol>
      <symbol id="sm-4fd">
         <name>_exit</name>
         <value>0x3f6a0e</value>
         <object_component_ref idref="oc-166"/>
      </symbol>
      <symbol id="sm-4fe">
         <name>___TI_cleanup_ptr</name>
         <value>0x881e</value>
         <object_component_ref idref="oc-126"/>
      </symbol>
      <symbol id="sm-4ff">
         <name>___TI_enable_exit_profile_output</name>
         <value>0x881c</value>
         <object_component_ref idref="oc-126"/>
      </symbol>
      <symbol id="sm-500">
         <name>_abort</name>
         <value>0x3f6a0c</value>
         <object_component_ref idref="oc-166"/>
      </symbol>
      <symbol id="sm-501">
         <name>___TI_dtors_ptr</name>
         <value>0x8820</value>
         <object_component_ref idref="oc-126"/>
      </symbol>
      <symbol id="sm-51b">
         <name>FS$$ADD</name>
         <value>0x3f6531</value>
         <object_component_ref idref="oc-12b"/>
      </symbol>
      <symbol id="sm-51c">
         <name>FS$$SUB</name>
         <value>0x3f652c</value>
         <object_component_ref idref="oc-12b"/>
      </symbol>
      <symbol id="sm-52d">
         <name>FS$$MPY</name>
         <value>0x3f66e7</value>
         <object_component_ref idref="oc-130"/>
      </symbol>
      <symbol id="sm-53e">
         <name>FS$$TOI</name>
         <value>0x3f6a5c</value>
         <object_component_ref idref="oc-135"/>
      </symbol>
      <symbol id="sm-54d">
         <name>I$$TOFS</name>
         <value>0x3f6afc</value>
         <object_component_ref idref="oc-13a"/>
      </symbol>
      <symbol id="sm-559">
         <name>UL$$MOD</name>
         <value>0x3f698b</value>
         <object_component_ref idref="oc-13f"/>
      </symbol>
      <symbol id="sm-55a">
         <name>L$$MOD</name>
         <value>0x3f6976</value>
         <object_component_ref idref="oc-13f"/>
      </symbol>
      <symbol id="sm-55b">
         <name>L$$DIV</name>
         <value>0x3f6967</value>
         <object_component_ref idref="oc-13f"/>
      </symbol>
      <symbol id="sm-55c">
         <name>UL$$DIV</name>
         <value>0x3f6984</value>
         <object_component_ref idref="oc-13f"/>
      </symbol>
      <symbol id="sm-56b">
         <name>_ltoa</name>
         <value>0x3f690e</value>
         <object_component_ref idref="oc-1bf"/>
      </symbol>
      <symbol id="sm-57d">
         <name>_memcpy</name>
         <value>0x3f6ac5</value>
         <object_component_ref idref="oc-1a2"/>
      </symbol>
      <symbol id="sm-58a">
         <name>__system_pre_init</name>
         <value>0x3f6ed1</value>
         <object_component_ref idref="oc-162"/>
      </symbol>
      <symbol id="sm-597">
         <name>__system_post_cinit</name>
         <value>0x3f6ed3</value>
         <object_component_ref idref="oc-164"/>
      </symbol>
      <symbol id="sm-5ac">
         <name>__unlock</name>
         <value>0x882a</value>
         <object_component_ref idref="oc-1d6"/>
      </symbol>
      <symbol id="sm-5ad">
         <name>__lock</name>
         <value>0x8828</value>
         <object_component_ref idref="oc-16b"/>
      </symbol>
      <symbol id="sm-5ae">
         <name>__register_lock</name>
         <value>0x3f6cc1</value>
         <object_component_ref idref="oc-1b0"/>
      </symbol>
      <symbol id="sm-5af">
         <name>__nop</name>
         <value>0x3f6cc5</value>
         <object_component_ref idref="oc-1b0"/>
      </symbol>
      <symbol id="sm-5b0">
         <name>__register_unlock</name>
         <value>0x3f6cbd</value>
         <object_component_ref idref="oc-1b0"/>
      </symbol>
      <symbol id="sm-5c0">
         <name>__args_main</name>
         <value>0x3f6b16</value>
         <object_component_ref idref="oc-165"/>
      </symbol>
   </symbol_table>
   <title>Link successful</title>
</link_info>
