******************************************************************************
             TMS320C2000 Linker PC v15.12.3                    
******************************************************************************
>> Linked Tue Jul 12 10:59:27 2016

OUTPUT FILE NAME:   <Thermal.out>
ENTRY POINT SYMBOL: "_c_int00"  address: 003f6797


MEMORY CONFIGURATION

         name            origin    length      used     unused   attr    fill
----------------------  --------  ---------  --------  --------  ----  --------
PAGE 0:
  PRAML0                00008000   00000800  0000003b  000007c5  RWIX
  OTP                   003d7800   00000400  00000000  00000400  RWIX
  FLASHD                003f0000   00002000  00000000  00002000  RWIX
  FLASHC                003f2000   00002000  00000000  00002000  RWIX
  FLASHA                003f6000   00001f80  00000ef2  0000108e  RWIX
  CSM_RSVD              003f7f80   00000076  00000000  00000076  RWIX
  BEGIN                 003f7ff6   00000002  00000000  00000002  RWIX
  CSM_PWL_P0            003f7ff8   00000008  00000000  00000008  RWIX
  IQTABLES              003fe000   00000b50  00000000  00000b50  RWIX
  IQTABLES2             003feb50   0000008c  00000000  0000008c  RWIX
  IQTABLES3             003febdc   000000aa  00000000  000000aa  RWIX
  ROM                   003ff27c   00000d44  00000000  00000d44  RWIX
  RESET                 003fffc0   00000002  00000000  00000002  RWIX
  VECTORS               003fffc2   0000003e  00000000  0000003e  RWIX

PAGE 1:
  BOOT_RSVD             00000000   00000050  00000000  00000050  RWIX
  RAMM0                 00000050   000003b0  00000300  000000b0  RWIX
  RAMM1                 00000400   00000400  00000000  00000400  RWIX
  DEV_EMU               00000880   00000105  00000004  00000101  RWIX
  SYS_PWR_CTL           00000985   00000003  00000003  00000000  RWIX
  FLASH_REGS            00000a80   00000060  00000008  00000058  RWIX
  CSM                   00000ae0   00000010  00000010  00000000  RWIX
  ADC_RESULT            00000b00   00000020  00000020  00000000  RWIX
  CPU_TIMER0            00000c00   00000008  00000008  00000000  RWIX
  CPU_TIMER1            00000c08   00000008  00000008  00000000  RWIX
  CPU_TIMER2            00000c10   00000008  00000008  00000000  RWIX
  PIE_CTRL              00000ce0   00000020  0000001a  00000006  RWIX
  PIE_VECT              00000d00   00000100  00000100  00000000  RWIX
  COMP1                 00006400   00000020  00000011  0000000f  RWIX
  COMP2                 00006420   00000020  00000011  0000000f  RWIX
  EPWM1                 00006800   00000040  00000040  00000000  RWIX
  EPWM2                 00006840   00000040  00000040  00000000  RWIX
  EPWM3                 00006880   00000040  00000040  00000000  RWIX
  EPWM4                 000068c0   00000040  00000040  00000000  RWIX
  ECAP1                 00006a00   00000020  00000020  00000000  RWIX
  GPIOCTRL              00006f80   00000040  00000040  00000000  RWIX
  GPIODAT               00006fc0   00000020  00000020  00000000  RWIX
  GPIOINT               00006fe0   00000020  0000000a  00000016  RWIX
  SYSTEM                00007010   00000020  0000001f  00000001  RWIX
  SPIA                  00007040   00000010  00000010  00000000  RWIX
  SCIA                  00007050   00000010  00000010  00000000  RWIX
  NMIINTRUPT            00007060   00000010  00000010  00000000  RWIX
  XINTRUPT              00007070   00000010  00000010  00000000  RWIX
  ADC                   00007100   00000080  00000051  0000002f  RWIX
  I2CA                  00007900   00000040  00000022  0000001e  RWIX
  DRAML0                00008800   00000800  0000002d  000007d3  RWIX
  PARTID                003d7fff   00000001  00000001  00000000  RWIX
  FLASHB                003f4000   00002000  00000000  00002000  RWIX
  CSM_PWL               003f7ff8   00000008  00000008  00000000  RWIX


SECTION ALLOCATION MAP

 output                                  attributes/
section   page    origin      length       input sections
--------  ----  ----------  ----------   ----------------
.cinit     0    003f6ed4    0000001e     
                  003f6ed4    0000000e     rts2800_ml.lib : exit.obj (.cinit)
                  003f6ee2    00000005                    : _lock.obj (.cinit:__lock)
                  003f6ee7    00000005                    : _lock.obj (.cinit:__unlock)
                  003f6eec    00000004     main.obj (.cinit)
                  003f6ef0    00000002     --HOLE-- [fill = 0]

.pinit     0    003f6000    00000000     UNINITIALIZED

.econst    0    003f6000    0000014d     
                  003f6000    00000101     rts2800_ml.lib : ctype.obj (.econst:.string:__ctypes_)
                  003f6101    00000001     --HOLE-- [fill = 0]
                  003f6102    00000031     control.obj (.econst:.string)
                  003f6133    00000001     --HOLE-- [fill = 0]
                  003f6134    0000000c     mlx90614.obj (.econst:.string)
                  003f6140    00000008     main.obj (.econst:.string)
                  003f6148    00000005     mlx90614.obj (.econst:_$P$T0$1)

ramfuncs   0    003f614d    0000003b     RUN ADDR = 00008000
                  003f614d    00000016     driverlib.lib : flash.obj (ramfuncs:_FLASH_setup)
                  003f6163    00000007                   : flash.obj (ramfuncs:_FLASH_setNumPagedReadWaitStates)
                  003f616a    00000007                   : flash.obj (ramfuncs:_FLASH_setNumRandomReadWaitStates)
                  003f6171    00000007                   : flash.obj (ramfuncs:_FLASH_setOtpWaitStates)
                  003f6178    00000006                   : flash.obj (ramfuncs:_FLASH_enablePipelineMode)
                  003f617e    00000005                   : flash.obj (ramfuncs:_FLASH_setActiveWaitCount)
                  003f6183    00000005                   : flash.obj (ramfuncs:_FLASH_setStandbyWaitCount)

.text      0    003f6188    00000d4c     
                  003f6188    000000f7     osc_comp.obj (.text)
                  003f627f    000000cd     sci.obj (.text)
                  003f634c    000000af     i2c.obj (.text)
                  003f63fb    0000009d     main.obj (.text)
                  003f6498    00000094     pwm.obj (.text)
                  003f652c    00000078     rts2800_ml.lib : fs_add.obj (.text)
                  003f65a4    00000075     driverlib.lib : osc.obj (.text:_OSC_runCompensation)
                  003f6619    00000071     control.obj (.text)
                  003f668a    0000005d     servo.obj (.text)
                  003f66e7    0000005a     rts2800_ml.lib : fs_mpy.obj (.text)
                  003f6741    00000056     mlx90614.obj (.text)
                  003f6797    00000054     rts2800_ml.lib : boot.obj (.text)
                  003f67eb    00000048     driverlib.lib : gpio.obj (.text:_GPIO_setMode)
                  003f6833    00000046     rts2800_ml.lib : cpy_tbl.obj (.text)
                  003f6879    00000033     led.obj (.text)
                  003f68ac    00000031     osc_comp.obj (.text:retain)
                  003f68dd    00000031     rts2800_ml.lib : atoi.obj (.text)
                  003f690e    0000002e                    : ltoa.obj (.text)
                  003f693c    0000002b     crc.obj (.text)
                  003f6967    0000002a     rts2800_ml.lib : l_div.obj (.text)
                  003f6991    00000029     driverlib.lib : gpio.obj (.text:_GPIO_setDirection)
                  003f69ba    00000029                   : gpio.obj (.text:_GPIO_setPullUp)
                  003f69e3    00000029     sci.obj (.text:retain)
                  003f6a0c    00000029     rts2800_ml.lib : exit.obj (.text)
                  003f6a35    00000027     driverlib.lib : gpio.obj (.text:_GPIO_setQualification)
                  003f6a5c    00000025     rts2800_ml.lib : fs_toi.obj (.text)
                  003f6a81    00000022     driverlib.lib : adc.obj (.text:_ADC_setIntMode)
                  003f6aa3    00000022                   : adc.obj (.text:_ADC_setIntSrc)
                  003f6ac5    0000001d     rts2800_ml.lib : memcpy.obj (.text)
                  003f6ae2    0000001a                    : cpy_utils.obj (.text)
                  003f6afc    0000001a                    : i_tofs.obj (.text)
                  003f6b16    00000019                    : args_main.obj (.text)
                  003f6b2f    00000017     driverlib.lib : adc.obj (.text:_ADC_enableInt)
                  003f6b46    00000015                   : pll.obj (.text:_PLL_setup)
                  003f6b5b    00000014                   : gpio.obj (.text:_GPIO_setHigh)
                  003f6b6f    00000014                   : gpio.obj (.text:_GPIO_setLow)
                  003f6b83    00000014                   : pie.obj (.text:_PIE_enableAdcInt)
                  003f6b97    00000013                   : timer.obj (.text:_TIMER_setPreScaler)
                  003f6baa    00000012                   : adc.obj (.text:_ADC_setSocChanNumber)
                  003f6bbc    00000012                   : adc.obj (.text:_ADC_setSocSampleWindow)
                  003f6bce    00000012                   : adc.obj (.text:_ADC_setSocTrigSrc)
                  003f6be0    00000011                   : adc.obj (.text:_ADC_setIntPulseGenMode)
                  003f6bf1    00000011                   : adc.obj (.text:_ADC_setVoltRefSrc)
                  003f6c02    00000011                   : osc.obj (.text:_OSC_setFineTrim)
                  003f6c13    00000011                   : pie.obj (.text:_PIE_disableAllInts)
                  003f6c24    0000000f                   : pie.obj (.text:_PIE_registerPieIntHandler)
                  003f6c33    0000000d                   : osc.obj (.text:_OSC_setCoarseTrim)
                  003f6c40    0000000a                   : adc.obj (.text:_ADC_enable)
                  003f6c4a    0000000a                   : adc.obj (.text:_ADC_enableBandGap)
                  003f6c54    0000000a                   : adc.obj (.text:_ADC_enableRefBuffers)
                  003f6c5e    0000000a                   : adc.obj (.text:_ADC_enableTempSensor)
                  003f6c68    0000000a                   : adc.obj (.text:_ADC_init)
                  003f6c72    0000000a                   : adc.obj (.text:_ADC_powerUp)
                  003f6c7c    0000000a                   : pie.obj (.text:_PIE_enableInt)
                  003f6c86    0000000a                   : pie.obj (.text:_PIE_init)
                  003f6c90    00000009                   : clk.obj (.text:_CLK_enablePwmClock)
                  003f6c99    00000009                   : clk.obj (.text:_CLK_enableSciaClock)
                  003f6ca2    00000009                   : pwm.obj (.text:_PWM_setActionQual_CntUp_CmpA_PwmA)
                  003f6cab    00000009                   : pwm.obj (.text:_PWM_setActionQual_CntUp_CmpB_PwmB)
                  003f6cb4    00000009                   : sci.obj (.text:_SCI_putDataBlocking)
                  003f6cbd    00000009     rts2800_ml.lib : _lock.obj (.text)
                  003f6cc6    00000008     driverlib.lib : clk.obj (.text:_CLK_init)
                  003f6cce    00000008                   : flash.obj (.text:_FLASH_init)
                  003f6cd6    00000008                   : gpio.obj (.text:_GPIO_init)
                  003f6cde    00000008                   : osc.obj (.text:_OSC_init)
                  003f6ce6    00000008                   : pll.obj (.text:_PLL_init)
                  003f6cee    00000008                   : pwm.obj (.text:_PWM_init)
                  003f6cf6    00000008                   : sci.obj (.text:_SCI_init)
                  003f6cfe    00000008                   : timer.obj (.text:_TIMER_init)
                  003f6d06    00000008                   : wdog.obj (.text:_WDOG_disable)
                  003f6d0e    00000008                   : wdog.obj (.text:_WDOG_init)
                  003f6d16    00000007                   : clk.obj (.text:_CLK_disableAdcClock)
                  003f6d1d    00000007                   : clk.obj (.text:_CLK_enableAdcClock)
                  003f6d24    00000007                   : clk.obj (.text:_CLK_enableI2cClock)
                  003f6d2b    00000007                   : clk.obj (.text:_CLK_enableTbClockSync)
                  003f6d32    00000007                   : clk.obj (.text:_CLK_setOscSrc)
                  003f6d39    00000007                   : pll.obj (.text:_PLL_setDivider)
                  003f6d40    00000007                   : pwm.obj (.text:_PWM_setActionQual_Zero_PwmA)
                  003f6d47    00000007                   : pwm.obj (.text:_PWM_setActionQual_Zero_PwmB)
                  003f6d4e    00000006                   : pll.obj (.text:_PLL_setMultiplier)
                  003f6d54    00000006                   : pwm.obj (.text:_PWM_setLoadMode_CmpB)
                  003f6d5a    00000006                   : pwm.obj (.text:_PWM_setShadowMode_CmpA)
                  003f6d60    00000006                   : pwm.obj (.text:_PWM_setShadowMode_CmpB)
                  003f6d66    00000006                   : sci.obj (.text:_SCI_setBaudRate)
                  003f6d6c    00000006                   : timer.obj (.text:_TIMER_setEmulationMode)
                  003f6d72    00000005                   : f2802xx_defaultisr.obj (.text:_ADCINT1_ISR)
                  003f6d77    00000005                   : f2802xx_defaultisr.obj (.text:_ADCINT2_ISR)
                  003f6d7c    00000005                   : f2802xx_defaultisr.obj (.text:_ADCINT3_ISR)
                  003f6d81    00000005                   : f2802xx_defaultisr.obj (.text:_ADCINT4_ISR)
                  003f6d86    00000005                   : f2802xx_defaultisr.obj (.text:_ADCINT5_ISR)
                  003f6d8b    00000005                   : f2802xx_defaultisr.obj (.text:_ADCINT6_ISR)
                  003f6d90    00000005                   : f2802xx_defaultisr.obj (.text:_ADCINT7_ISR)
                  003f6d95    00000005                   : f2802xx_defaultisr.obj (.text:_ADCINT8_ISR)
                  003f6d9a    00000005                   : f2802xx_defaultisr.obj (.text:_ADCINT9_ISR)
                  003f6d9f    00000005                   : f2802xx_defaultisr.obj (.text:_DATALOG_ISR)
                  003f6da4    00000005                   : f2802xx_defaultisr.obj (.text:_ECAP1_INT_ISR)
                  003f6da9    00000005                   : f2802xx_defaultisr.obj (.text:_EMPTY_ISR)
                  003f6dae    00000005                   : f2802xx_defaultisr.obj (.text:_EMUINT_ISR)
                  003f6db3    00000005                   : f2802xx_defaultisr.obj (.text:_EPWM1_INT_ISR)
                  003f6db8    00000005                   : f2802xx_defaultisr.obj (.text:_EPWM1_TZINT_ISR)
                  003f6dbd    00000005                   : f2802xx_defaultisr.obj (.text:_EPWM2_INT_ISR)
                  003f6dc2    00000005                   : f2802xx_defaultisr.obj (.text:_EPWM2_TZINT_ISR)
                  003f6dc7    00000005                   : f2802xx_defaultisr.obj (.text:_EPWM3_INT_ISR)
                  003f6dcc    00000005                   : f2802xx_defaultisr.obj (.text:_EPWM3_TZINT_ISR)
                  003f6dd1    00000005                   : f2802xx_defaultisr.obj (.text:_EPWM4_INT_ISR)
                  003f6dd6    00000005                   : f2802xx_defaultisr.obj (.text:_EPWM4_TZINT_ISR)
                  003f6ddb    00000005                   : f2802xx_defaultisr.obj (.text:_I2CINT1A_ISR)
                  003f6de0    00000005                   : f2802xx_defaultisr.obj (.text:_I2CINT2A_ISR)
                  003f6de5    00000005                   : f2802xx_defaultisr.obj (.text:_ILLEGAL_ISR)
                  003f6dea    00000005                   : f2802xx_defaultisr.obj (.text:_INT13_ISR)
                  003f6def    00000005                   : f2802xx_defaultisr.obj (.text:_INT14_ISR)
                  003f6df4    00000005                   : f2802xx_defaultisr.obj (.text:_NMI_ISR)
                  003f6df9    00000005                   : f2802xx_defaultisr.obj (.text:_PIE_RESERVED)
                  003f6dfe    00000005                   : pie.obj (.text:_PIE_illegalIsr)
                  003f6e03    00000005                   : f2802xx_defaultisr.obj (.text:_RTOSINT_ISR)
                  003f6e08    00000005                   : f2802xx_defaultisr.obj (.text:_SCIRXINTA_ISR)
                  003f6e0d    00000005                   : f2802xx_defaultisr.obj (.text:_SCITXINTA_ISR)
                  003f6e12    00000005                   : f2802xx_defaultisr.obj (.text:_SPIRXINTA_ISR)
                  003f6e17    00000005                   : f2802xx_defaultisr.obj (.text:_SPITXINTA_ISR)
                  003f6e1c    00000005                   : f2802xx_defaultisr.obj (.text:_TINT0_ISR)
                  003f6e21    00000005                   : f2802xx_defaultisr.obj (.text:_USER10_ISR)
                  003f6e26    00000005                   : f2802xx_defaultisr.obj (.text:_USER11_ISR)
                  003f6e2b    00000005                   : f2802xx_defaultisr.obj (.text:_USER12_ISR)
                  003f6e30    00000005                   : f2802xx_defaultisr.obj (.text:_USER1_ISR)
                  003f6e35    00000005                   : f2802xx_defaultisr.obj (.text:_USER2_ISR)
                  003f6e3a    00000005                   : f2802xx_defaultisr.obj (.text:_USER3_ISR)
                  003f6e3f    00000005                   : f2802xx_defaultisr.obj (.text:_USER4_ISR)
                  003f6e44    00000005                   : f2802xx_defaultisr.obj (.text:_USER5_ISR)
                  003f6e49    00000005                   : f2802xx_defaultisr.obj (.text:_USER6_ISR)
                  003f6e4e    00000005                   : f2802xx_defaultisr.obj (.text:_USER7_ISR)
                  003f6e53    00000005                   : f2802xx_defaultisr.obj (.text:_USER8_ISR)
                  003f6e58    00000005                   : f2802xx_defaultisr.obj (.text:_USER9_ISR)
                  003f6e5d    00000005                   : f2802xx_defaultisr.obj (.text:_WAKEINT_ISR)
                  003f6e62    00000005                   : f2802xx_defaultisr.obj (.text:_XINT1_ISR)
                  003f6e67    00000005                   : f2802xx_defaultisr.obj (.text:_XINT2_ISR)
                  003f6e6c    00000005                   : f2802xx_defaultisr.obj (.text:_XINT3_ISR)
                  003f6e71    00000005                   : f2802xx_defaultisr.obj (.text:_rsvd_ISR)
                  003f6e76    00000004                   : cpu.obj (.text:_CPU_enableInt)
                  003f6e7a    00000004                   : cpu.obj (.text:_CPU_init)
                  003f6e7e    00000004                   : pwm.obj (.text:_PWM_setClkDiv)
                  003f6e82    00000004                   : pwm.obj (.text:_PWM_setCounterMode)
                  003f6e86    00000004                   : pwm.obj (.text:_PWM_setHighSpeedClkDiv)
                  003f6e8a    00000004                   : pwm.obj (.text:_PWM_setLoadMode_CmpA)
                  003f6e8e    00000004                   : sci.obj (.text:_SCI_setCharLength)
                  003f6e92    00000004                   : sci.obj (.text:_SCI_setNumStopBits)
                  003f6e96    00000003                   : cpu.obj (.text:_CPU_clearIntFlags)
                  003f6e99    00000003                   : cpu.obj (.text:_CPU_disableGlobalInts)
                  003f6e9c    00000003                   : cpu.obj (.text:_CPU_enableGlobalInts)
                  003f6e9f    00000003                   : pie.obj (.text:_PIE_disable)
                  003f6ea2    00000003                   : pie.obj (.text:_PIE_enable)
                  003f6ea5    00000003                   : pll.obj (.text:_PLL_getClkStatus)
                  003f6ea8    00000003                   : pll.obj (.text:_PLL_getLockStatus)
                  003f6eab    00000003                   : pwm.obj (.text:_PWM_disableCounterLoad)
                  003f6eae    00000003                   : sci.obj (.text:_SCI_disableParity)
                  003f6eb1    00000003                   : sci.obj (.text:_SCI_enable)
                  003f6eb4    00000003                   : sci.obj (.text:_SCI_enableRx)
                  003f6eb7    00000003                   : sci.obj (.text:_SCI_enableRxInt)
                  003f6eba    00000003                   : sci.obj (.text:_SCI_enableTx)
                  003f6ebd    00000003                   : sci.obj (.text:_SCI_setPriority)
                  003f6ec0    00000003                   : timer.obj (.text:_TIMER_reload)
                  003f6ec3    00000003                   : timer.obj (.text:_TIMER_start)
                  003f6ec6    00000003                   : timer.obj (.text:_TIMER_stop)
                  003f6ec9    00000002                   : pwm.obj (.text:_PWM_setCount)
                  003f6ecb    00000002                   : pwm.obj (.text:_PWM_setPeriod)
                  003f6ecd    00000002                   : pwm.obj (.text:_PWM_setPhase)
                  003f6ecf    00000002                   : timer.obj (.text:_TIMER_setPeriod)
                  003f6ed1    00000002     rts2800_ml.lib : pre_init.obj (.text)
                  003f6ed3    00000001                    : startup.obj (.text)

.stack     1    00000050    00000300     UNINITIALIZED
                  00000050    00000300     --HOLE--

DevEmuRegsFile 
*          1    00000880    00000004     UNINITIALIZED
                  00000880    00000004     driverlib.lib : F2802xX_GlobalVariableDefs.obj (DevEmuRegsFile)

SysPwrCtrlRegsFile 
*          1    00000985    00000003     UNINITIALIZED
                  00000985    00000003     driverlib.lib : F2802xX_GlobalVariableDefs.obj (SysPwrCtrlRegsFile)

FlashRegsFile 
*          1    00000a80    00000008     UNINITIALIZED
                  00000a80    00000008     driverlib.lib : F2802xX_GlobalVariableDefs.obj (FlashRegsFile)

CsmRegsFile 
*          1    00000ae0    00000010     UNINITIALIZED
                  00000ae0    00000010     driverlib.lib : F2802xX_GlobalVariableDefs.obj (CsmRegsFile)

AdcResultFile 
*          1    00000b00    00000020     UNINITIALIZED
                  00000b00    00000020     driverlib.lib : F2802xX_GlobalVariableDefs.obj (AdcResultFile)

CpuTimer0RegsFile 
*          1    00000c00    00000008     UNINITIALIZED
                  00000c00    00000008     driverlib.lib : F2802xX_GlobalVariableDefs.obj (CpuTimer0RegsFile)

CpuTimer1RegsFile 
*          1    00000c08    00000008     UNINITIALIZED
                  00000c08    00000008     driverlib.lib : F2802xX_GlobalVariableDefs.obj (CpuTimer1RegsFile)

CpuTimer2RegsFile 
*          1    00000c10    00000008     UNINITIALIZED
                  00000c10    00000008     driverlib.lib : F2802xX_GlobalVariableDefs.obj (CpuTimer2RegsFile)

PieCtrlRegsFile 
*          1    00000ce0    0000001a     UNINITIALIZED
                  00000ce0    0000001a     driverlib.lib : F2802xX_GlobalVariableDefs.obj (PieCtrlRegsFile)

PieVectTableFile 
*          1    00000d00    00000100     UNINITIALIZED
                  00000d00    00000100     driverlib.lib : F2802xX_GlobalVariableDefs.obj (PieVectTableFile)

EmuKeyVar 
*          1    00000d00    00000001     UNINITIALIZED
                  00000d00    00000001     driverlib.lib : F2802xX_GlobalVariableDefs.obj (EmuKeyVar)

EmuBModeVar 
*          1    00000d01    00000001     UNINITIALIZED
                  00000d01    00000001     driverlib.lib : F2802xX_GlobalVariableDefs.obj (EmuBModeVar)

FlashCallbackVar 
*          1    00000d02    00000002     UNINITIALIZED
                  00000d02    00000002     driverlib.lib : F2802xX_GlobalVariableDefs.obj (FlashCallbackVar)

FlashScalingVar 
*          1    00000d04    00000002     UNINITIALIZED
                  00000d04    00000002     driverlib.lib : F2802xX_GlobalVariableDefs.obj (FlashScalingVar)

Comp1RegsFile 
*          1    00006400    00000011     UNINITIALIZED
                  00006400    00000011     driverlib.lib : F2802xX_GlobalVariableDefs.obj (Comp1RegsFile)

Comp2RegsFile 
*          1    00006420    00000011     UNINITIALIZED
                  00006420    00000011     driverlib.lib : F2802xX_GlobalVariableDefs.obj (Comp2RegsFile)

EPwm1RegsFile 
*          1    00006800    00000040     UNINITIALIZED
                  00006800    00000040     driverlib.lib : F2802xX_GlobalVariableDefs.obj (EPwm1RegsFile)

EPwm2RegsFile 
*          1    00006840    00000040     UNINITIALIZED
                  00006840    00000040     driverlib.lib : F2802xX_GlobalVariableDefs.obj (EPwm2RegsFile)

EPwm3RegsFile 
*          1    00006880    00000040     UNINITIALIZED
                  00006880    00000040     driverlib.lib : F2802xX_GlobalVariableDefs.obj (EPwm3RegsFile)

EPwm4RegsFile 
*          1    000068c0    00000040     UNINITIALIZED
                  000068c0    00000040     driverlib.lib : F2802xX_GlobalVariableDefs.obj (EPwm4RegsFile)

ECap1RegsFile 
*          1    00006a00    00000020     UNINITIALIZED
                  00006a00    00000020     driverlib.lib : F2802xX_GlobalVariableDefs.obj (ECap1RegsFile)

GpioCtrlRegsFile 
*          1    00006f80    00000040     UNINITIALIZED
                  00006f80    00000040     driverlib.lib : F2802xX_GlobalVariableDefs.obj (GpioCtrlRegsFile)

GpioDataRegsFile 
*          1    00006fc0    00000020     UNINITIALIZED
                  00006fc0    00000020     driverlib.lib : F2802xX_GlobalVariableDefs.obj (GpioDataRegsFile)

GpioIntRegsFile 
*          1    00006fe0    0000000a     UNINITIALIZED
                  00006fe0    0000000a     driverlib.lib : F2802xX_GlobalVariableDefs.obj (GpioIntRegsFile)

SysCtrlRegsFile 
*          1    00007010    0000001f     UNINITIALIZED
                  00007010    0000001f     driverlib.lib : F2802xX_GlobalVariableDefs.obj (SysCtrlRegsFile)

SpiaRegsFile 
*          1    00007040    00000010     UNINITIALIZED
                  00007040    00000010     driverlib.lib : F2802xX_GlobalVariableDefs.obj (SpiaRegsFile)

SciaRegsFile 
*          1    00007050    00000010     UNINITIALIZED
                  00007050    00000010     driverlib.lib : F2802xX_GlobalVariableDefs.obj (SciaRegsFile)

NmiIntruptRegsFile 
*          1    00007060    00000010     UNINITIALIZED
                  00007060    00000010     driverlib.lib : F2802xX_GlobalVariableDefs.obj (NmiIntruptRegsFile)

XIntruptRegsFile 
*          1    00007070    00000010     UNINITIALIZED
                  00007070    00000010     driverlib.lib : F2802xX_GlobalVariableDefs.obj (XIntruptRegsFile)

AdcRegsFile 
*          1    00007100    00000051     UNINITIALIZED
                  00007100    00000051     driverlib.lib : F2802xX_GlobalVariableDefs.obj (AdcRegsFile)

I2caRegsFile 
*          1    00007900    00000022     UNINITIALIZED
                  00007900    00000022     driverlib.lib : F2802xX_GlobalVariableDefs.obj (I2caRegsFile)

.ebss      1    00008800    0000002d     UNINITIALIZED
                  00008800    00000016     main.obj (.ebss)
                  00008816    00000006     osc_comp.obj (.ebss)
                  0000881c    00000006     rts2800_ml.lib : exit.obj (.ebss)
                  00008822    00000006     sci.obj (.ebss)
                  00008828    00000002     rts2800_ml.lib : _lock.obj (.ebss:__lock)
                  0000882a    00000002                    : _lock.obj (.ebss:__unlock)
                  0000882c    00000001     driverlib.lib : cpu.obj (.ebss)

.reset     0    003fffc0    00000002     DSECT
                  003fffc0    00000002     rts2800_ml.lib : boot.obj (.reset)

vectors    0    003fffc2    00000000     DSECT

PartIdRegsFile 
*          1    003d7fff    00000001     UNINITIALIZED
                  003d7fff    00000001     driverlib.lib : F2802xX_GlobalVariableDefs.obj (PartIdRegsFile)

CsmPwlFile 
*          1    003f7ff8    00000008     UNINITIALIZED
                  003f7ff8    00000008     driverlib.lib : F2802xX_GlobalVariableDefs.obj (CsmPwlFile)

MODULE SUMMARY

       Module                           code   ro data   rw data
       ------                           ----   -------   -------
    .\
       osc_comp.obj                     296    0         6      
       sci.obj                          246    0         6      
       main.obj                         157    0         34     
       i2c.obj                          175    0         0      
       control.obj                      113    0         49     
       pwm.obj                          148    0         0      
       mlx90614.obj                     86     0         17     
       servo.obj                        93     0         0      
       led.obj                          51     0         0      
       crc.obj                          43     0         0      
    +--+--------------------------------+------+---------+---------+
       Total:                           1408   0         112    
                                                                
    C:/ti/controlSUITE/device_support/f2802x/v230/f2802x_common/lib/driverlib.lib
       F2802xX_GlobalVariableDefs.obj   0      0         1022   
       f2802xx_defaultisr.obj           255    0         0      
       gpio.obj                         241    0         0      
       adc.obj                          239    0         0      
       osc.obj                          155    0         0      
       flash.obj                        126    0         0      
       pie.obj                          83     0         0      
       pwm.obj                          83     0         0      
       clk.obj                          61     0         0      
       sci.obj                          49     0         0      
       pll.obj                          48     0         0      
       timer.obj                        44     0         0      
       cpu.obj                          17     0         1      
       wdog.obj                         16     0         0      
    +--+--------------------------------+------+---------+---------+
       Total:                           1417   0         1023   
                                                                
    C:\ti\ccsv6\tools\compiler\c2000_15.12.3.LTS\lib\rts2800_ml.lib
       ctype.obj                        0      0         257    
       fs_add.obj                       120    0         0      
       fs_mpy.obj                       90     0         0      
       boot.obj                         84     0         0      
       cpy_tbl.obj                      70     0         0      
       exit.obj                         41     0         20     
       atoi.obj                         49     0         0      
       ltoa.obj                         46     0         0      
       l_div.obj                        42     0         0      
       fs_toi.obj                       37     0         0      
       memcpy.obj                       29     0         0      
       cpy_utils.obj                    26     0         0      
       i_tofs.obj                       26     0         0      
       args_main.obj                    25     0         0      
       _lock.obj                        9      0         14     
       pre_init.obj                     2      0         0      
       startup.obj                      1      0         0      
    +--+--------------------------------+------+---------+---------+
       Total:                           697    0         291    
                                                                
       Stack:                           0      0         768    
    +--+--------------------------------+------+---------+---------+
       Grand Total:                     3522   0         2194   


GLOBAL DATA SYMBOLS: SORTED BY DATA PAGE

address     data page           name
--------    ----------------    ----
00000050       1 (00000040)     __stack

00000880      22 (00000880)     _DevEmuRegs

00000985      26 (00000980)     _SysPwrCtrlRegs

00000a80      2a (00000a80)     _FlashRegs

00000ae0      2b (00000ac0)     _CsmRegs

00000b00      2c (00000b00)     _AdcResult

00000c00      30 (00000c00)     _CpuTimer0Regs
00000c08      30 (00000c00)     _CpuTimer1Regs
00000c10      30 (00000c00)     _CpuTimer2Regs

00000ce0      33 (00000cc0)     _PieCtrlRegs

00000d00      34 (00000d00)     _EmuKey
00000d00      34 (00000d00)     _PieVectTable
00000d01      34 (00000d00)     _EmuBMode
00000d02      34 (00000d00)     _Flash_CallbackPtr
00000d04      34 (00000d00)     _Flash_CPUScaleFactor

00006400     190 (00006400)     _Comp1Regs
00006420     190 (00006400)     _Comp2Regs

00006800     1a0 (00006800)     _EPwm1Regs

00006840     1a1 (00006840)     _EPwm2Regs

00006880     1a2 (00006880)     _EPwm3Regs

000068c0     1a3 (000068c0)     _EPwm4Regs

00006a00     1a8 (00006a00)     _ECap1Regs

00006f80     1be (00006f80)     _GpioCtrlRegs

00006fc0     1bf (00006fc0)     _GpioDataRegs
00006fe0     1bf (00006fc0)     _GpioIntRegs

00007010     1c0 (00007000)     _SysCtrlRegs

00007040     1c1 (00007040)     _SpiaRegs
00007050     1c1 (00007040)     _SciaRegs
00007060     1c1 (00007040)     _NmiIntruptRegs
00007070     1c1 (00007040)     _XIntruptRegs

00007100     1c4 (00007100)     _AdcRegs

00007900     1e4 (00007900)     _I2caRegs

00008802     220 (00008800)     _myClk
00008804     220 (00008800)     _myAdc
0000881c     220 (00008800)     ___TI_enable_exit_profile_output
0000881e     220 (00008800)     ___TI_cleanup_ptr
00008820     220 (00008800)     ___TI_dtors_ptr
00008828     220 (00008800)     __lock
0000882a     220 (00008800)     __unlock
0000882c     220 (00008800)     _cpu

003d7fff    f5ff (003d7fc0)     _PartIdRegs

003f6000    fd80 (003f6000)     __ctypes_

003f7ff8    fdff (003f7fc0)     _CsmPwl


GLOBAL SYMBOLS: SORTED ALPHABETICALLY BY Name 

page  address   name                              
----  -------   ----                              
abs   ffffffff  .text                             
0     003f6a0c  C$$EXIT                           
0     003f6531  FS$$ADD                           
0     003f66e7  FS$$MPY                           
0     003f652c  FS$$SUB                           
0     003f6a5c  FS$$TOI                           
0     003f6afc  I$$TOFS                           
0     003f6967  L$$DIV                            
0     003f6976  L$$MOD                            
0     003f6984  UL$$DIV                           
0     003f698b  UL$$MOD                           
0     003f6d72  _ADCINT1_ISR                      
0     003f6d77  _ADCINT2_ISR                      
0     003f6d7c  _ADCINT3_ISR                      
0     003f6d81  _ADCINT4_ISR                      
0     003f6d86  _ADCINT5_ISR                      
0     003f6d8b  _ADCINT6_ISR                      
0     003f6d90  _ADCINT7_ISR                      
0     003f6d95  _ADCINT8_ISR                      
0     003f6d9a  _ADCINT9_ISR                      
0     003f6c40  _ADC_enable                       
0     003f6c4a  _ADC_enableBandGap                
0     003f6b2f  _ADC_enableInt                    
0     003f6c54  _ADC_enableRefBuffers             
0     003f6c5e  _ADC_enableTempSensor             
0     003f6c68  _ADC_init                         
0     003f6c72  _ADC_powerUp                      
0     003f6a81  _ADC_setIntMode                   
0     003f6be0  _ADC_setIntPulseGenMode           
0     003f6aa3  _ADC_setIntSrc                    
0     003f6baa  _ADC_setSocChanNumber             
0     003f6bbc  _ADC_setSocSampleWindow           
0     003f6bce  _ADC_setSocTrigSrc                
0     003f6bf1  _ADC_setVoltRefSrc                
1     00007100  _AdcRegs                          
1     00000b00  _AdcResult                        
0     003f6d16  _CLK_disableAdcClock              
0     003f6d1d  _CLK_enableAdcClock               
0     003f6d24  _CLK_enableI2cClock               
0     003f6c90  _CLK_enablePwmClock               
0     003f6c99  _CLK_enableSciaClock              
0     003f6d2b  _CLK_enableTbClockSync            
0     003f6cc6  _CLK_init                         
0     003f6d32  _CLK_setOscSrc                    
0     003f6e96  _CPU_clearIntFlags                
0     003f6e99  _CPU_disableGlobalInts            
0     003f6e9c  _CPU_enableGlobalInts             
0     003f6e76  _CPU_enableInt                    
0     003f6e7a  _CPU_init                         
1     00006400  _Comp1Regs                        
1     00006420  _Comp2Regs                        
1     00000c00  _CpuTimer0Regs                    
1     00000c08  _CpuTimer1Regs                    
1     00000c10  _CpuTimer2Regs                    
1     003f7ff8  _CsmPwl                           
1     00000ae0  _CsmRegs                          
0     003f6d9f  _DATALOG_ISR                      
1     00000880  _DevEmuRegs                       
0     003f6da4  _ECAP1_INT_ISR                    
1     00006a00  _ECap1Regs                        
0     003f6da9  _EMPTY_ISR                        
0     003f6dae  _EMUINT_ISR                       
0     003f6db3  _EPWM1_INT_ISR                    
0     003f6db8  _EPWM1_TZINT_ISR                  
0     003f6dbd  _EPWM2_INT_ISR                    
0     003f6dc2  _EPWM2_TZINT_ISR                  
0     003f6dc7  _EPWM3_INT_ISR                    
0     003f6dcc  _EPWM3_TZINT_ISR                  
0     003f6dd1  _EPWM4_INT_ISR                    
0     003f6dd6  _EPWM4_TZINT_ISR                  
1     00006800  _EPwm1Regs                        
1     00006840  _EPwm2Regs                        
1     00006880  _EPwm3Regs                        
1     000068c0  _EPwm4Regs                        
1     00000d01  _EmuBMode                         
1     00000d00  _EmuKey                           
0     0000802b  _FLASH_enablePipelineMode         
0     003f6cce  _FLASH_init                       
0     00008031  _FLASH_setActiveWaitCount         
0     00008016  _FLASH_setNumPagedReadWaitStates  
0     0000801d  _FLASH_setNumRandomReadWaitStates 
0     00008024  _FLASH_setOtpWaitStates           
0     00008036  _FLASH_setStandbyWaitCount        
0     00008000  _FLASH_setup                      
1     00000a80  _FlashRegs                        
1     00000d04  _Flash_CPUScaleFactor             
1     00000d02  _Flash_CallbackPtr                
0     003f6cd6  _GPIO_init                        
0     003f6991  _GPIO_setDirection                
0     003f6b5b  _GPIO_setHigh                     
0     003f6b6f  _GPIO_setLow                      
0     003f67eb  _GPIO_setMode                     
0     003f69ba  _GPIO_setPullUp                   
0     003f6a35  _GPIO_setQualification            
1     00006f80  _GpioCtrlRegs                     
1     00006fc0  _GpioDataRegs                     
1     00006fe0  _GpioIntRegs                      
0     003f6ddb  _I2CINT1A_ISR                     
0     003f6de0  _I2CINT2A_ISR                     
1     00007900  _I2caRegs                         
0     003f6de5  _ILLEGAL_ISR                      
0     003f6dea  _INT13_ISR                        
0     003f6def  _INT14_ISR                        
0     003f6df4  _NMI_ISR                          
1     00007060  _NmiIntruptRegs                   
0     003f6cde  _OSC_init                         
0     003f65a4  _OSC_runCompensation              
0     003f6c33  _OSC_setCoarseTrim                
0     003f6c02  _OSC_setFineTrim                  
0     003f6df9  _PIE_RESERVED                     
0     003f6e9f  _PIE_disable                      
0     003f6c13  _PIE_disableAllInts               
0     003f6ea2  _PIE_enable                       
0     003f6b83  _PIE_enableAdcInt                 
0     003f6c7c  _PIE_enableInt                    
0     003f6dfe  _PIE_illegalIsr                   
0     003f6c86  _PIE_init                         
0     003f6c24  _PIE_registerPieIntHandler        
0     003f6ea5  _PLL_getClkStatus                 
0     003f6ea8  _PLL_getLockStatus                
0     003f6ce6  _PLL_init                         
0     003f6d39  _PLL_setDivider                   
0     003f6d4e  _PLL_setMultiplier                
0     003f6b46  _PLL_setup                        
0     003f6eab  _PWM_disableCounterLoad           
0     003f6cee  _PWM_init                         
0     003f6ca2  _PWM_setActionQual_CntUp_CmpA_PwmA
0     003f6cab  _PWM_setActionQual_CntUp_CmpB_PwmB
0     003f6d40  _PWM_setActionQual_Zero_PwmA      
0     003f6d47  _PWM_setActionQual_Zero_PwmB      
0     003f6e7e  _PWM_setClkDiv                    
0     003f6ec9  _PWM_setCount                     
0     003f6e82  _PWM_setCounterMode               
0     003f6e86  _PWM_setHighSpeedClkDiv           
0     003f6e8a  _PWM_setLoadMode_CmpA             
0     003f6d54  _PWM_setLoadMode_CmpB             
0     003f6ecb  _PWM_setPeriod                    
0     003f6ecd  _PWM_setPhase                     
0     003f6d5a  _PWM_setShadowMode_CmpA           
0     003f6d60  _PWM_setShadowMode_CmpB           
1     003d7fff  _PartIdRegs                       
1     00000ce0  _PieCtrlRegs                      
1     00000d00  _PieVectTable                     
0     003f6e03  _RTOSINT_ISR                      
abs   0000003b  _RamfuncsLoadSize                 
0     003f614d  _RamfuncsLoadStart                
0     00008000  _RamfuncsRunStart                 
0     003f6e08  _SCIRXINTA_ISR                    
0     003f6e0d  _SCITXINTA_ISR                    
0     003f6eae  _SCI_disableParity                
0     003f6eb1  _SCI_enable                       
0     003f6eb4  _SCI_enableRx                     
0     003f6eb7  _SCI_enableRxInt                  
0     003f6eba  _SCI_enableTx                     
0     003f6cf6  _SCI_init                         
0     003f6300  _SCI_putByteBlocking              
0     003f6cb4  _SCI_putDataBlocking              
0     003f62ef  _SCI_putStringBlocking            
0     003f6d66  _SCI_setBaudRate                  
0     003f6e8e  _SCI_setCharLength                
0     003f6e92  _SCI_setNumStopBits               
0     003f6ebd  _SCI_setPriority                  
0     003f6e12  _SPIRXINTA_ISR                    
0     003f6e17  _SPITXINTA_ISR                    
1     00007050  _SciaRegs                         
1     00007040  _SpiaRegs                         
1     00007010  _SysCtrlRegs                      
1     00000985  _SysPwrCtrlRegs                   
0     003f6cfe  _TIMER_init                       
0     003f6ec0  _TIMER_reload                     
0     003f6d6c  _TIMER_setEmulationMode           
0     003f6ecf  _TIMER_setPeriod                  
0     003f6b97  _TIMER_setPreScaler               
0     003f6ec3  _TIMER_start                      
0     003f6ec6  _TIMER_stop                       
0     003f6e1c  _TINT0_ISR                        
0     003f6e21  _USER10_ISR                       
0     003f6e26  _USER11_ISR                       
0     003f6e2b  _USER12_ISR                       
0     003f6e30  _USER1_ISR                        
0     003f6e35  _USER2_ISR                        
0     003f6e3a  _USER3_ISR                        
0     003f6e3f  _USER4_ISR                        
0     003f6e44  _USER5_ISR                        
0     003f6e49  _USER6_ISR                        
0     003f6e4e  _USER7_ISR                        
0     003f6e53  _USER8_ISR                        
0     003f6e58  _USER9_ISR                        
0     003f6e5d  _WAKEINT_ISR                      
0     003f6d06  _WDOG_disable                     
0     003f6d0e  _WDOG_init                        
0     003f6e62  _XINT1_ISR                        
0     003f6e67  _XINT2_ISR                        
0     003f6e6c  _XINT3_ISR                        
1     00007070  _XIntruptRegs                     
1     00000350  __STACK_END                       
abs   00000300  __STACK_SIZE                      
1     0000881e  ___TI_cleanup_ptr                 
1     00008820  ___TI_dtors_ptr                   
1     0000881c  ___TI_enable_exit_profile_output  
abs   ffffffff  ___TI_pprof_out_hndl              
abs   ffffffff  ___TI_prof_data_size              
abs   ffffffff  ___TI_prof_data_start             
abs   ffffffff  ___binit__                        
abs   ffffffff  ___c_args__                       
0     003f6ed4  ___cinit__                        
abs   ffffffff  ___etext__                        
abs   ffffffff  ___pinit__                        
abs   ffffffff  ___text__                         
0     003f6b16  __args_main                       
0     003f6000  __ctypes_                         
1     00008828  __lock                            
0     003f6cc5  __nop                             
0     003f6cc1  __register_lock                   
0     003f6cbd  __register_unlock                 
1     00000050  __stack                           
0     003f6ed3  __system_post_cinit               
0     003f6ed1  __system_pre_init                 
1     0000882a  __unlock                          
0     003f6a0c  _abort                            
0     003f68ac  _adc_isr                          
0     003f68dd  _atoi                             
0     003f6797  _c_int00                          
0     003f6833  _copy_in                          
1     0000882c  _cpu                              
0     003f693c  _crc8_ccitt                       
0     003f6ae2  _ddcopy                           
0     003f6ae2  _dpcopy                           
0     003f6a0e  _exit                             
0     003f6619  _get_param_numeric                
0     003f63e1  _i2c_init                         
0     003f6380  _i2c_read_block                   
0     003f63ac  _i2c_read_byte                    
0     003f640e  _init_system                      
0     003f6879  _led_set                          
0     003f6898  _leds_set_all                     
0     003f690e  _ltoa                             
0     003f6480  _main                             
0     003f6ac5  _memcpy                           
0     003f6793  _mlx90614_get_amb_temp            
0     003f678f  _mlx90614_get_obj_temp            
1     00008804  _myAdc                            
1     00008802  _myClk                            
0     003f61cd  _osc_comp_init                    
0     003f6637  _parse_command                    
0     003f6ae2  _pdcopy                           
0     003f6ae2  _ppcopy                           
0     003f64cc  _pwm_init                         
0     003f6741  _read16                           
0     003f6779  _readTemp                         
0     003f6e71  _rsvd_ISR                         
0     003f6465  _rx_callback                      
0     003f6311  _sci_init                         
0     003f6309  _sci_set_callback                 
0     003f69e3  _sciaRxIsr                        
0     003f66a2  _servo_set_angle                  
0     003f66de  _servos_reset                     
0     003f63fb  _setup_handles                    
abs   ffffffff  binit                             
0     003f6ed4  cinit                             
abs   ffffffff  etext                             
abs   ffffffff  pinit                             


GLOBAL SYMBOLS: SORTED BY Symbol Address 

page  address   name                              
----  -------   ----                              
0     00008000  _FLASH_setup                      
0     00008000  _RamfuncsRunStart                 
0     00008016  _FLASH_setNumPagedReadWaitStates  
0     0000801d  _FLASH_setNumRandomReadWaitStates 
0     00008024  _FLASH_setOtpWaitStates           
0     0000802b  _FLASH_enablePipelineMode         
0     00008031  _FLASH_setActiveWaitCount         
0     00008036  _FLASH_setStandbyWaitCount        
0     003f6000  __ctypes_                         
0     003f614d  _RamfuncsLoadStart                
0     003f61cd  _osc_comp_init                    
0     003f62ef  _SCI_putStringBlocking            
0     003f6300  _SCI_putByteBlocking              
0     003f6309  _sci_set_callback                 
0     003f6311  _sci_init                         
0     003f6380  _i2c_read_block                   
0     003f63ac  _i2c_read_byte                    
0     003f63e1  _i2c_init                         
0     003f63fb  _setup_handles                    
0     003f640e  _init_system                      
0     003f6465  _rx_callback                      
0     003f6480  _main                             
0     003f64cc  _pwm_init                         
0     003f652c  FS$$SUB                           
0     003f6531  FS$$ADD                           
0     003f65a4  _OSC_runCompensation              
0     003f6619  _get_param_numeric                
0     003f6637  _parse_command                    
0     003f66a2  _servo_set_angle                  
0     003f66de  _servos_reset                     
0     003f66e7  FS$$MPY                           
0     003f6741  _read16                           
0     003f6779  _readTemp                         
0     003f678f  _mlx90614_get_obj_temp            
0     003f6793  _mlx90614_get_amb_temp            
0     003f6797  _c_int00                          
0     003f67eb  _GPIO_setMode                     
0     003f6833  _copy_in                          
0     003f6879  _led_set                          
0     003f6898  _leds_set_all                     
0     003f68ac  _adc_isr                          
0     003f68dd  _atoi                             
0     003f690e  _ltoa                             
0     003f693c  _crc8_ccitt                       
0     003f6967  L$$DIV                            
0     003f6976  L$$MOD                            
0     003f6984  UL$$DIV                           
0     003f698b  UL$$MOD                           
0     003f6991  _GPIO_setDirection                
0     003f69ba  _GPIO_setPullUp                   
0     003f69e3  _sciaRxIsr                        
0     003f6a0c  C$$EXIT                           
0     003f6a0c  _abort                            
0     003f6a0e  _exit                             
0     003f6a35  _GPIO_setQualification            
0     003f6a5c  FS$$TOI                           
0     003f6a81  _ADC_setIntMode                   
0     003f6aa3  _ADC_setIntSrc                    
0     003f6ac5  _memcpy                           
0     003f6ae2  _ddcopy                           
0     003f6ae2  _dpcopy                           
0     003f6ae2  _pdcopy                           
0     003f6ae2  _ppcopy                           
0     003f6afc  I$$TOFS                           
0     003f6b16  __args_main                       
0     003f6b2f  _ADC_enableInt                    
0     003f6b46  _PLL_setup                        
0     003f6b5b  _GPIO_setHigh                     
0     003f6b6f  _GPIO_setLow                      
0     003f6b83  _PIE_enableAdcInt                 
0     003f6b97  _TIMER_setPreScaler               
0     003f6baa  _ADC_setSocChanNumber             
0     003f6bbc  _ADC_setSocSampleWindow           
0     003f6bce  _ADC_setSocTrigSrc                
0     003f6be0  _ADC_setIntPulseGenMode           
0     003f6bf1  _ADC_setVoltRefSrc                
0     003f6c02  _OSC_setFineTrim                  
0     003f6c13  _PIE_disableAllInts               
0     003f6c24  _PIE_registerPieIntHandler        
0     003f6c33  _OSC_setCoarseTrim                
0     003f6c40  _ADC_enable                       
0     003f6c4a  _ADC_enableBandGap                
0     003f6c54  _ADC_enableRefBuffers             
0     003f6c5e  _ADC_enableTempSensor             
0     003f6c68  _ADC_init                         
0     003f6c72  _ADC_powerUp                      
0     003f6c7c  _PIE_enableInt                    
0     003f6c86  _PIE_init                         
0     003f6c90  _CLK_enablePwmClock               
0     003f6c99  _CLK_enableSciaClock              
0     003f6ca2  _PWM_setActionQual_CntUp_CmpA_PwmA
0     003f6cab  _PWM_setActionQual_CntUp_CmpB_PwmB
0     003f6cb4  _SCI_putDataBlocking              
0     003f6cbd  __register_unlock                 
0     003f6cc1  __register_lock                   
0     003f6cc5  __nop                             
0     003f6cc6  _CLK_init                         
0     003f6cce  _FLASH_init                       
0     003f6cd6  _GPIO_init                        
0     003f6cde  _OSC_init                         
0     003f6ce6  _PLL_init                         
0     003f6cee  _PWM_init                         
0     003f6cf6  _SCI_init                         
0     003f6cfe  _TIMER_init                       
0     003f6d06  _WDOG_disable                     
0     003f6d0e  _WDOG_init                        
0     003f6d16  _CLK_disableAdcClock              
0     003f6d1d  _CLK_enableAdcClock               
0     003f6d24  _CLK_enableI2cClock               
0     003f6d2b  _CLK_enableTbClockSync            
0     003f6d32  _CLK_setOscSrc                    
0     003f6d39  _PLL_setDivider                   
0     003f6d40  _PWM_setActionQual_Zero_PwmA      
0     003f6d47  _PWM_setActionQual_Zero_PwmB      
0     003f6d4e  _PLL_setMultiplier                
0     003f6d54  _PWM_setLoadMode_CmpB             
0     003f6d5a  _PWM_setShadowMode_CmpA           
0     003f6d60  _PWM_setShadowMode_CmpB           
0     003f6d66  _SCI_setBaudRate                  
0     003f6d6c  _TIMER_setEmulationMode           
0     003f6d72  _ADCINT1_ISR                      
0     003f6d77  _ADCINT2_ISR                      
0     003f6d7c  _ADCINT3_ISR                      
0     003f6d81  _ADCINT4_ISR                      
0     003f6d86  _ADCINT5_ISR                      
0     003f6d8b  _ADCINT6_ISR                      
0     003f6d90  _ADCINT7_ISR                      
0     003f6d95  _ADCINT8_ISR                      
0     003f6d9a  _ADCINT9_ISR                      
0     003f6d9f  _DATALOG_ISR                      
0     003f6da4  _ECAP1_INT_ISR                    
0     003f6da9  _EMPTY_ISR                        
0     003f6dae  _EMUINT_ISR                       
0     003f6db3  _EPWM1_INT_ISR                    
0     003f6db8  _EPWM1_TZINT_ISR                  
0     003f6dbd  _EPWM2_INT_ISR                    
0     003f6dc2  _EPWM2_TZINT_ISR                  
0     003f6dc7  _EPWM3_INT_ISR                    
0     003f6dcc  _EPWM3_TZINT_ISR                  
0     003f6dd1  _EPWM4_INT_ISR                    
0     003f6dd6  _EPWM4_TZINT_ISR                  
0     003f6ddb  _I2CINT1A_ISR                     
0     003f6de0  _I2CINT2A_ISR                     
0     003f6de5  _ILLEGAL_ISR                      
0     003f6dea  _INT13_ISR                        
0     003f6def  _INT14_ISR                        
0     003f6df4  _NMI_ISR                          
0     003f6df9  _PIE_RESERVED                     
0     003f6dfe  _PIE_illegalIsr                   
0     003f6e03  _RTOSINT_ISR                      
0     003f6e08  _SCIRXINTA_ISR                    
0     003f6e0d  _SCITXINTA_ISR                    
0     003f6e12  _SPIRXINTA_ISR                    
0     003f6e17  _SPITXINTA_ISR                    
0     003f6e1c  _TINT0_ISR                        
0     003f6e21  _USER10_ISR                       
0     003f6e26  _USER11_ISR                       
0     003f6e2b  _USER12_ISR                       
0     003f6e30  _USER1_ISR                        
0     003f6e35  _USER2_ISR                        
0     003f6e3a  _USER3_ISR                        
0     003f6e3f  _USER4_ISR                        
0     003f6e44  _USER5_ISR                        
0     003f6e49  _USER6_ISR                        
0     003f6e4e  _USER7_ISR                        
0     003f6e53  _USER8_ISR                        
0     003f6e58  _USER9_ISR                        
0     003f6e5d  _WAKEINT_ISR                      
0     003f6e62  _XINT1_ISR                        
0     003f6e67  _XINT2_ISR                        
0     003f6e6c  _XINT3_ISR                        
0     003f6e71  _rsvd_ISR                         
0     003f6e76  _CPU_enableInt                    
0     003f6e7a  _CPU_init                         
0     003f6e7e  _PWM_setClkDiv                    
0     003f6e82  _PWM_setCounterMode               
0     003f6e86  _PWM_setHighSpeedClkDiv           
0     003f6e8a  _PWM_setLoadMode_CmpA             
0     003f6e8e  _SCI_setCharLength                
0     003f6e92  _SCI_setNumStopBits               
0     003f6e96  _CPU_clearIntFlags                
0     003f6e99  _CPU_disableGlobalInts            
0     003f6e9c  _CPU_enableGlobalInts             
0     003f6e9f  _PIE_disable                      
0     003f6ea2  _PIE_enable                       
0     003f6ea5  _PLL_getClkStatus                 
0     003f6ea8  _PLL_getLockStatus                
0     003f6eab  _PWM_disableCounterLoad           
0     003f6eae  _SCI_disableParity                
0     003f6eb1  _SCI_enable                       
0     003f6eb4  _SCI_enableRx                     
0     003f6eb7  _SCI_enableRxInt                  
0     003f6eba  _SCI_enableTx                     
0     003f6ebd  _SCI_setPriority                  
0     003f6ec0  _TIMER_reload                     
0     003f6ec3  _TIMER_start                      
0     003f6ec6  _TIMER_stop                       
0     003f6ec9  _PWM_setCount                     
0     003f6ecb  _PWM_setPeriod                    
0     003f6ecd  _PWM_setPhase                     
0     003f6ecf  _TIMER_setPeriod                  
0     003f6ed1  __system_pre_init                 
0     003f6ed3  __system_post_cinit               
0     003f6ed4  ___cinit__                        
0     003f6ed4  cinit                             
1     00000050  __stack                           
1     00000350  __STACK_END                       
1     00000880  _DevEmuRegs                       
1     00000985  _SysPwrCtrlRegs                   
1     00000a80  _FlashRegs                        
1     00000ae0  _CsmRegs                          
1     00000b00  _AdcResult                        
1     00000c00  _CpuTimer0Regs                    
1     00000c08  _CpuTimer1Regs                    
1     00000c10  _CpuTimer2Regs                    
1     00000ce0  _PieCtrlRegs                      
1     00000d00  _EmuKey                           
1     00000d00  _PieVectTable                     
1     00000d01  _EmuBMode                         
1     00000d02  _Flash_CallbackPtr                
1     00000d04  _Flash_CPUScaleFactor             
1     00006400  _Comp1Regs                        
1     00006420  _Comp2Regs                        
1     00006800  _EPwm1Regs                        
1     00006840  _EPwm2Regs                        
1     00006880  _EPwm3Regs                        
1     000068c0  _EPwm4Regs                        
1     00006a00  _ECap1Regs                        
1     00006f80  _GpioCtrlRegs                     
1     00006fc0  _GpioDataRegs                     
1     00006fe0  _GpioIntRegs                      
1     00007010  _SysCtrlRegs                      
1     00007040  _SpiaRegs                         
1     00007050  _SciaRegs                         
1     00007060  _NmiIntruptRegs                   
1     00007070  _XIntruptRegs                     
1     00007100  _AdcRegs                          
1     00007900  _I2caRegs                         
1     00008802  _myClk                            
1     00008804  _myAdc                            
1     0000881c  ___TI_enable_exit_profile_output  
1     0000881e  ___TI_cleanup_ptr                 
1     00008820  ___TI_dtors_ptr                   
1     00008828  __lock                            
1     0000882a  __unlock                          
1     0000882c  _cpu                              
1     003d7fff  _PartIdRegs                       
1     003f7ff8  _CsmPwl                           
abs   0000003b  _RamfuncsLoadSize                 
abs   00000300  __STACK_SIZE                      
abs   ffffffff  .text                             
abs   ffffffff  ___TI_pprof_out_hndl              
abs   ffffffff  ___TI_prof_data_size              
abs   ffffffff  ___TI_prof_data_start             
abs   ffffffff  ___binit__                        
abs   ffffffff  ___c_args__                       
abs   ffffffff  ___etext__                        
abs   ffffffff  ___pinit__                        
abs   ffffffff  ___text__                         
abs   ffffffff  binit                             
abs   ffffffff  etext                             
abs   ffffffff  pinit                             

[262 symbols]
